Copyright 1986-2020 Xilinx, Inc. All Rights Reserved.
------------------------------------------------------------------------------------
| Tool Version : Vivado v.2020.1 (win64) Build 2902540 Wed May 27 19:54:49 MDT 2020
| Date         : Fri Oct 11 21:53:08 2024
| Host         : DESKTOP-3GDKKRS running 64-bit major release  (build 9200)
| Command      : upgrade_ip
| Device       : xc7z010clg400-1
------------------------------------------------------------------------------------

Upgrade Log for IP 'design_1_sistema_morse_0_0'

1. Summary
----------

SUCCESS in the upgrade of design_1_sistema_morse_0_0 (xilinx.com:user:sistema_morse:1.0) from (Rev. 8) to (Rev. 9)






Copyright 1986-2020 Xilinx, Inc. All Rights Reserved.
------------------------------------------------------------------------------------
| Tool Version : Vivado v.2020.1 (win64) Build 2902540 Wed May 27 19:54:49 MDT 2020
| Date         : Fri Oct 11 21:53:08 2024
| Host         : DESKTOP-3GDKKRS running 64-bit major release  (build 9200)
| Command      : upgrade_ip
| Device       : xc7z010clg400-1
------------------------------------------------------------------------------------

Upgrade Log for IP 'design_1_RGB_Controller_1_0'

1. Summary
----------

SUCCESS in the upgrade of design_1_RGB_Controller_1_0 (xilinx.com:user:RGB_Controller:1.0) from (Rev. 2) to (Rev. 3)






Copyright 1986-2020 Xilinx, Inc. All Rights Reserved.
------------------------------------------------------------------------------------
| Tool Version : Vivado v.2020.1 (win64) Build 2902540 Wed May 27 19:54:49 MDT 2020
| Date         : Fri Oct 11 21:53:08 2024
| Host         : DESKTOP-3GDKKRS running 64-bit major release  (build 9200)
| Command      : upgrade_ip
| Device       : xc7z010clg400-1
------------------------------------------------------------------------------------

Upgrade Log for IP 'design_1_ControlUnit_0_0'

1. Summary
----------

SUCCESS in the upgrade of design_1_ControlUnit_0_0 (xilinx.com:user:ControlUnit:1.0) from (Rev. 5) to (Rev. 6)






Copyright 1986-2020 Xilinx, Inc. All Rights Reserved.
------------------------------------------------------------------------------------
| Tool Version : Vivado v.2020.1 (win64) Build 2902540 Wed May 27 19:54:49 MDT 2020
| Date         : Fri Oct 11 21:21:00 2024
| Host         : DESKTOP-3GDKKRS running 64-bit major release  (build 9200)
| Command      : upgrade_ip
| Device       : xc7z010clg400-1
------------------------------------------------------------------------------------

Upgrade Log for IP 'design_1_RAM_AXI_FULL_0_0'

1. Summary
----------

CAUTION (success, with warnings) in the upgrade of design_1_RAM_AXI_FULL_0_0 (xilinx.com:user:RAM_AXI_FULL:1.0) from (Rev. 2) to (Rev. 5)

After upgrade, an IP may have parameter and port differences compared to the original customization. Please review the parameters within the IP customization GUI to ensure proper functionality. Also, please review the updated IP instantiation template to ensure proper connectivity, and update your design if required.

2. Connection Warnings
----------------------

Detected external port differences while upgrading 'design_1_RAM_AXI_FULL_0_0'. These changes may impact your design.


-Upgrade has removed port 'test'

-Upgrade has added port 'test1'

-Upgrade has added port 'test2'

-Upgrade has added port 'test3'

-Upgrade has added port 'test4'







Copyright 1986-2020 Xilinx, Inc. All Rights Reserved.
------------------------------------------------------------------------------------
| Tool Version : Vivado v.2020.1 (win64) Build 2902540 Wed May 27 19:54:49 MDT 2020
| Date         : Fri Oct 11 21:20:15 2024
| Host         : DESKTOP-3GDKKRS running 64-bit major release  (build 9200)
| Command      : upgrade_ip
| Device       : xc7z010clg400-1
------------------------------------------------------------------------------------

Upgrade Log for IP 'design_1_RAM_AXI_FULL_0_0'

1. Summary
----------

SUCCESS in the conversion of design_1_RAM_AXI_FULL_0_0 (xilinx.com:user:RAM_AXI_FULL:1.0 (Rev. 2)) to Vivado generation flows.






Copyright 1986-2020 Xilinx, Inc. All Rights Reserved.
------------------------------------------------------------------------------------
| Tool Version : Vivado v.2020.1 (win64) Build 2902540 Wed May 27 19:54:49 MDT 2020
| Date         : Fri Oct 11 21:18:56 2024
| Host         : DESKTOP-3GDKKRS running 64-bit major release  (build 9200)
| Command      : upgrade_ip
| Device       : xc7z010clg400-1
------------------------------------------------------------------------------------

Upgrade Log for IP 'design_1_RAM_AXI_FULL_0_0'

1. Summary
----------

SUCCESS in the conversion of design_1_RAM_AXI_FULL_0_0 (xilinx.com:user:RAM_AXI_FULL:1.0 (Rev. 2)) to Vivado generation flows.






Copyright 1986-2020 Xilinx, Inc. All Rights Reserved.
------------------------------------------------------------------------------------
| Tool Version : Vivado v.2020.1 (win64) Build 2902540 Wed May 27 19:54:49 MDT 2020
| Date         : Fri Oct 11 21:17:48 2024
| Host         : DESKTOP-3GDKKRS running 64-bit major release  (build 9200)
| Command      : upgrade_ip
| Device       : xc7z010clg400-1
------------------------------------------------------------------------------------

Upgrade Log for IP 'design_1_RAM_AXI_FULL_0_0'

1. Summary
----------

SUCCESS in the conversion of design_1_RAM_AXI_FULL_0_0 (xilinx.com:user:RAM_AXI_FULL:1.0 (Rev. 2)) to Vivado generation flows.






Copyright 1986-2020 Xilinx, Inc. All Rights Reserved.
------------------------------------------------------------------------------------
| Tool Version : Vivado v.2020.1 (win64) Build 2902540 Wed May 27 19:54:49 MDT 2020
| Date         : Fri Oct 11 21:03:29 2024
| Host         : DESKTOP-3GDKKRS running 64-bit major release  (build 9200)
| Command      : upgrade_ip
| Device       : xc7z010clg400-1
------------------------------------------------------------------------------------

Upgrade Log for IP 'design_1_RAM_AXI_FULL_0_0'

1. Summary
----------

CAUTION (success, with warnings) in the upgrade of design_1_RAM_AXI_FULL_0_0 (xilinx.com:user:RAM_AXI_FULL:1.0) from (Rev. 1) to (Rev. 2)

After upgrade, an IP may have parameter and port differences compared to the original customization. Please review the parameters within the IP customization GUI to ensure proper functionality. Also, please review the updated IP instantiation template to ensure proper connectivity, and update your design if required.

2. Connection Warnings
----------------------

Detected external port differences while upgrading 'design_1_RAM_AXI_FULL_0_0'. These changes may impact your design.


-Upgrade has added port 'test'







Copyright 1986-2020 Xilinx, Inc. All Rights Reserved.
------------------------------------------------------------------------------------
| Tool Version : Vivado v.2020.1 (win64) Build 2902540 Wed May 27 19:54:49 MDT 2020
| Date         : Fri Oct 11 21:00:44 2024
| Host         : DESKTOP-3GDKKRS running 64-bit major release  (build 9200)
| Command      : upgrade_ip
| Device       : xc7z010clg400-1
------------------------------------------------------------------------------------

Upgrade Log for IP 'design_1_RAM_AXI_FULL_0_0'

1. Summary
----------

SUCCESS in the conversion of design_1_RAM_AXI_FULL_0_0 (xilinx.com:user:RAM_AXI_FULL:1.0 (Rev. 1)) to Vivado generation flows.






Copyright 1986-2020 Xilinx, Inc. All Rights Reserved.
------------------------------------------------------------------------------------
| Tool Version : Vivado v.2020.1 (win64) Build 2902540 Wed May 27 19:54:49 MDT 2020
| Date         : Fri Oct 11 13:40:39 2024
| Host         : DESKTOP-3GDKKRS running 64-bit major release  (build 9200)
| Command      : upgrade_ip
| Device       : xc7z010clg400-1
------------------------------------------------------------------------------------

Upgrade Log for IP 'design_1_sistema_morse_0_0'

1. Summary
----------

SUCCESS in the upgrade of design_1_sistema_morse_0_0 (xilinx.com:user:sistema_morse:1.0) from (Rev. 7) to (Rev. 8)






Copyright 1986-2020 Xilinx, Inc. All Rights Reserved.
------------------------------------------------------------------------------------
| Tool Version : Vivado v.2020.1 (win64) Build 2902540 Wed May 27 19:54:49 MDT 2020
| Date         : Sat Sep 21 23:39:51 2024
| Host         : DESKTOP-3GDKKRS running 64-bit major release  (build 9200)
| Command      : upgrade_ip
| Device       : xc7z010clg400-1
------------------------------------------------------------------------------------

Upgrade Log for IP 'design_1_ControlUnit_0_0'

1. Summary
----------

CAUTION (success, with warnings) in the upgrade of design_1_ControlUnit_0_0 (xilinx.com:user:ControlUnit:1.0) from (Rev. 4) to (Rev. 5)

After upgrade, an IP may have parameter and port differences compared to the original customization. Please review the parameters within the IP customization GUI to ensure proper functionality. Also, please review the updated IP instantiation template to ensure proper connectivity, and update your design if required.

2. Connection Warnings
----------------------

Detected external port differences while upgrading 'design_1_ControlUnit_0_0'. These changes may impact your design.


-Upgrade has added port 'estado'







Copyright 1986-2020 Xilinx, Inc. All Rights Reserved.
------------------------------------------------------------------------------------
| Tool Version : Vivado v.2020.1 (win64) Build 2902540 Wed May 27 19:54:49 MDT 2020
| Date         : Sat Sep 21 22:39:40 2024
| Host         : DESKTOP-3GDKKRS running 64-bit major release  (build 9200)
| Command      : upgrade_ip
| Device       : xc7z010clg400-1
------------------------------------------------------------------------------------

Upgrade Log for IP 'design_1_sistema_morse_0_0'

1. Summary
----------

SUCCESS in the upgrade of design_1_sistema_morse_0_0 (xilinx.com:user:sistema_morse:1.0) from (Rev. 6) to (Rev. 7)






Copyright 1986-2020 Xilinx, Inc. All Rights Reserved.
------------------------------------------------------------------------------------
| Tool Version : Vivado v.2020.1 (win64) Build 2902540 Wed May 27 19:54:49 MDT 2020
| Date         : Sat Sep 21 22:35:20 2024
| Host         : DESKTOP-3GDKKRS running 64-bit major release  (build 9200)
| Command      : upgrade_ip
| Device       : xc7z010clg400-1
------------------------------------------------------------------------------------

Upgrade Log for IP 'design_1_sistema_morse_0_0'

1. Summary
----------

SUCCESS in the upgrade of design_1_sistema_morse_0_0 (xilinx.com:user:sistema_morse:1.0) from (Rev. 5) to (Rev. 6)






Copyright 1986-2020 Xilinx, Inc. All Rights Reserved.
------------------------------------------------------------------------------------
| Tool Version : Vivado v.2020.1 (win64) Build 2902540 Wed May 27 19:54:49 MDT 2020
| Date         : Sat Sep 21 20:26:25 2024
| Host         : DESKTOP-3GDKKRS running 64-bit major release  (build 9200)
| Command      : upgrade_ip
| Device       : xc7z010clg400-1
------------------------------------------------------------------------------------

Upgrade Log for IP 'design_1_sistema_morse_0_0'

1. Summary
----------

CAUTION (success, with warnings) in the upgrade of design_1_sistema_morse_0_0 (xilinx.com:user:sistema_morse:1.0) from (Rev. 4) to (Rev. 5)

After upgrade, an IP may have parameter and port differences compared to the original customization. Please review the parameters within the IP customization GUI to ensure proper functionality. Also, please review the updated IP instantiation template to ensure proper connectivity, and update your design if required.

2. Connection Warnings
----------------------

Detected external port differences while upgrading 'design_1_sistema_morse_0_0'. These changes may impact your design.


-Upgrade has added port 'mask_out'

-Upgrade has added port 'morse_out'







Copyright 1986-2020 Xilinx, Inc. All Rights Reserved.
------------------------------------------------------------------------------------
| Tool Version : Vivado v.2020.1 (win64) Build 2902540 Wed May 27 19:54:49 MDT 2020
| Date         : Sat Sep 21 19:30:46 2024
| Host         : DESKTOP-3GDKKRS running 64-bit major release  (build 9200)
| Command      : upgrade_ip
| Device       : xc7z010clg400-1
------------------------------------------------------------------------------------

Upgrade Log for IP 'design_1_sistema_morse_0_0'

1. Summary
----------

CAUTION (success, with warnings) in the upgrade of design_1_sistema_morse_0_0 (xilinx.com:user:sistema_morse:1.0) from (Rev. 3) to (Rev. 4)

After upgrade, an IP may have parameter and port differences compared to the original customization. Please review the parameters within the IP customization GUI to ensure proper functionality. Also, please review the updated IP instantiation template to ensure proper connectivity, and update your design if required.

2. Connection Warnings
----------------------

Detected external port differences while upgrading 'design_1_sistema_morse_0_0'. These changes may impact your design.


-Upgrade has removed port 'input'

-Upgrade has added port 'seleccion'







Copyright 1986-2020 Xilinx, Inc. All Rights Reserved.
------------------------------------------------------------------------------------
| Tool Version : Vivado v.2020.1 (win64) Build 2902540 Wed May 27 19:54:49 MDT 2020
| Date         : Sat Sep 21 19:23:52 2024
| Host         : DESKTOP-3GDKKRS running 64-bit major release  (build 9200)
| Command      : upgrade_ip
| Device       : xc7z010clg400-1
------------------------------------------------------------------------------------

Upgrade Log for IP 'design_1_ControlUnit_0_0'

1. Summary
----------

CAUTION (success, with warnings) in the upgrade of design_1_ControlUnit_0_0 (xilinx.com:user:ControlUnit:1.0) from (Rev. 3) to (Rev. 4)

After upgrade, an IP may have parameter and port differences compared to the original customization. Please review the parameters within the IP customization GUI to ensure proper functionality. Also, please review the updated IP instantiation template to ensure proper connectivity, and update your design if required.

2. Connection Warnings
----------------------

Detected external port differences while upgrading 'design_1_ControlUnit_0_0'. These changes may impact your design.


-Upgrade has removed port 'led_enable'


