#-----------------------------------------------------------
# Vivado v2020.1 (64-bit)
# SW Build 2902540 on Wed May 27 19:54:49 MDT 2020
# IP Build 2902112 on Wed May 27 22:43:36 MDT 2020
# Start of session at: Fri Oct 11 21:20:29 2024
# Process ID: 14476
# Current directory: C:/Users/Diego/Desktop/Proyecto-1-SEP/conectar_proyecto
# Command line: vivado.exe -gui_launcher_event rodinguilauncherevent22880 C:\Users\Diego\Desktop\Proyecto-1-SEP\conectar_proyecto\conectar_proyecto.xpr
# Log file: C:/Users/Diego/Desktop/Proyecto-1-SEP/conectar_proyecto/vivado.log
# Journal file: C:/Users/Diego/Desktop/Proyecto-1-SEP/conectar_proyecto\vivado.jou
#-----------------------------------------------------------
start_gui
open_project C:/Users/Diego/Desktop/Proyecto-1-SEP/conectar_proyecto/conectar_proyecto.xpr
Scanning sources...
Finished scanning sources
INFO: [IP_Flow 19-234] Refreshing IP repositories
WARNING: [IP_Flow 19-3685] Ignored loading user repository 'c:/Users/Diego/Desktop/Proyecto-1-SEP/ip_repo/RAM_AXI_FULL_1.0'. The path is contained within another repository.
INFO: [IP_Flow 19-1700] Loaded user IP repository 'c:/Users/Diego/Desktop/Proyecto-1-SEP'.
WARNING: [IP_Flow 19-3656] If you move the project, the path for repository 'c:/Users/Diego/Desktop/Proyecto-1-SEP' may become invalid. A better location for the repository would be in a path adjacent to the project. (Current project location is 'c:/Users/Diego/Desktop/Proyecto-1-SEP/conectar_proyecto'.)
INFO: [IP_Flow 19-2313] Loaded Vivado IP repository 'E:/Programas/xilin/Vivado/2020.1/data/ip'.
WARNING: [BD 41-1661] One or more IPs have been locked in the design 'design_1.bd'. Please run report_ip_status for more details and recommendations on how to fix this issue.
List of locked IPs:
design_1_RAM_AXI_FULL_0_0

open_project: Time (s): cpu = 00:00:13 ; elapsed = 00:00:07 . Memory (MB): peak = 1061.809 ; gain = 0.000
update_compile_order -fileset sources_1
open_bd_design {C:/Users/Diego/Desktop/Proyecto-1-SEP/conectar_proyecto/conectar_proyecto.srcs/sources_1/bd/design_1/design_1.bd}
Adding component instance block -- xilinx.com:ip:vio:3.0 - vio_0
Adding component instance block -- xilinx.com:ip:ila:6.2 - ila_0
INFO: [xilinx.com:ip:ila:6.2-6] /ila_0: Xilinx recommends using the System ILA IP in IP Integrator. The System ILA IP is functionally equivalent to an ILA and offers additional benefits in debugging interfaces both within IP Integrator and the Hardware Manager. Consult the Programming and Debug User Guide UG908 for further details.
Adding component instance block -- xilinx.com:user:ControlUnit:1.0 - ControlUnit_0
Adding component instance block -- xilinx.com:user:RGB_Controller:1.0 - RGB_Controller_1
Adding component instance block -- xilinx.com:ip:axi_traffic_gen:3.0 - axi_traffic_gen_0
Adding component instance block -- xilinx.com:ip:axi_traffic_gen:3.0 - axi_traffic_gen_1
Adding component instance block -- xilinx.com:ip:smartconnect:1.0 - smartconnect_0
Adding component instance block -- xilinx.com:user:sistema_morse:1.0 - sistema_morse_0
Adding component instance block -- xilinx.com:ip:ila:6.2 - ila_1
INFO: [xilinx.com:ip:ila:6.2-6] /ila_1: Xilinx recommends using the System ILA IP in IP Integrator. The System ILA IP is functionally equivalent to an ILA and offers additional benefits in debugging interfaces both within IP Integrator and the Hardware Manager. Consult the Programming and Debug User Guide UG908 for further details.
Adding component instance block -- xilinx.com:ip:smartconnect:1.0 - axi_smc
Adding component instance block -- xilinx.com:user:RAM_AXI_FULL:1.0 - RAM_AXI_FULL_0
Successfully read diagram <design_1> from BD file <C:/Users/Diego/Desktop/Proyecto-1-SEP/conectar_proyecto/conectar_proyecto.srcs/sources_1/bd/design_1/design_1.bd>
open_bd_design: Time (s): cpu = 00:00:07 ; elapsed = 00:00:06 . Memory (MB): peak = 1722.273 ; gain = 38.887
report_ip_status -name ip_status 
upgrade_ip -vlnv xilinx.com:user:RAM_AXI_FULL:1.0 [get_ips  design_1_RAM_AXI_FULL_0_0] -log ip_upgrade.log
Upgrading 'C:/Users/Diego/Desktop/Proyecto-1-SEP/conectar_proyecto/conectar_proyecto.srcs/sources_1/bd/design_1/design_1.bd'
INFO: [IP_Flow 19-3422] Upgraded design_1_RAM_AXI_FULL_0_0 (RAM_AXI_FULL_v1.0 1.0) from revision 2 to revision 5
WARNING: [IP_Flow 19-4700] Upgrade has removed port 'test'
WARNING: [IP_Flow 19-4698] Upgrade has added port 'test1'
WARNING: [IP_Flow 19-4698] Upgrade has added port 'test2'
WARNING: [IP_Flow 19-4698] Upgrade has added port 'test3'
WARNING: [IP_Flow 19-4698] Upgrade has added port 'test4'
WARNING: [IP_Flow 19-3298] Detected external port differences while upgrading 'design_1_RAM_AXI_FULL_0_0'. These changes may impact your design.
CRITICAL WARNING: [BD 41-1167] The pin 'test' is not found on the upgraded version of the cell '/RAM_AXI_FULL_0'. Its connection to the net 'RAM_AXI_FULL_0_test' has been removed.
CRITICAL WARNING: [Coretcl 2-1279] The upgrade of 'design_1_RAM_AXI_FULL_0_0' has identified issues that may require user intervention. Please review the upgrade log 'c:/Users/Diego/Desktop/Proyecto-1-SEP/conectar_proyecto/ip_upgrade.log', and verify that the upgraded IP is correctly configured.
WARNING: [BD 41-597] NET <RAM_AXI_FULL_0_test> has no source
Wrote  : <C:\Users\Diego\Desktop\Proyecto-1-SEP\conectar_proyecto\conectar_proyecto.srcs\sources_1\bd\design_1\design_1.bd> 
Wrote  : <C:/Users/Diego/Desktop/Proyecto-1-SEP/conectar_proyecto/conectar_proyecto.srcs/sources_1/bd/design_1/ui/bd_1f5defd0.ui> 
INFO: [Coretcl 2-1525] Wrote upgrade log to 'C:/Users/Diego/Desktop/Proyecto-1-SEP/conectar_proyecto/ip_upgrade.log'.
export_ip_user_files -of_objects [get_ips design_1_RAM_AXI_FULL_0_0] -no_script -sync -force -quiet
report_ip_status -name ip_status 
WARNING: [IP_Flow 19-4067] Ignoring invalid widget type specified checkbox.Providing a default widget
startgroup
set_property -dict [list CONFIG.C_PROBE6_WIDTH {10} CONFIG.C_PROBE5_WIDTH {10} CONFIG.C_PROBE4_WIDTH {10} CONFIG.C_NUM_OF_PROBES {7}] [get_bd_cells ila_0]
delete_bd_objs [get_bd_nets RAM_AXI_FULL_0_test]
endgroup
connect_bd_net [get_bd_pins RAM_AXI_FULL_0/test1] [get_bd_pins ila_0/probe3]
connect_bd_net [get_bd_pins RAM_AXI_FULL_0/test2] [get_bd_pins ila_0/probe4]
connect_bd_net [get_bd_pins RAM_AXI_FULL_0/test3] [get_bd_pins ila_0/probe5]
connect_bd_net [get_bd_pins RAM_AXI_FULL_0/test4] [get_bd_pins ila_0/probe6]
save_bd_design
Wrote  : <C:\Users\Diego\Desktop\Proyecto-1-SEP\conectar_proyecto\conectar_proyecto.srcs\sources_1\bd\design_1\design_1.bd> 
Wrote  : <C:/Users/Diego/Desktop/Proyecto-1-SEP/conectar_proyecto/conectar_proyecto.srcs/sources_1/bd/design_1/ui/bd_1f5defd0.ui> 
reset_run synth_1
reset_run design_1_ila_0_0_synth_1
launch_runs impl_1 -to_step write_bitstream -jobs 8
INFO: [Ipptcl 7-1463] No Compatible Board Interface found. Board Tab not created in customize GUI
INFO: [Ipptcl 7-1463] No Compatible Board Interface found. Board Tab not created in customize GUI
WARNING: [BD 41-237] Bus Interface property WUSER_WIDTH does not match between /ila_1/SLOT_0_AXI(1) and /axi_smc/M00_AXI(0)
WARNING: [BD 41-237] Bus Interface property RUSER_WIDTH does not match between /ila_1/SLOT_0_AXI(1) and /axi_smc/M00_AXI(0)
WARNING: [BD 41-237] Bus Interface property BUSER_WIDTH does not match between /ila_1/SLOT_0_AXI(1) and /axi_smc/M00_AXI(0)
Wrote  : <C:\Users\Diego\Desktop\Proyecto-1-SEP\conectar_proyecto\conectar_proyecto.srcs\sources_1\bd\design_1\design_1.bd> 
VHDL Output written to : C:/Users/Diego/Desktop/Proyecto-1-SEP/conectar_proyecto/conectar_proyecto.srcs/sources_1/bd/design_1/synth/design_1.vhd
VHDL Output written to : C:/Users/Diego/Desktop/Proyecto-1-SEP/conectar_proyecto/conectar_proyecto.srcs/sources_1/bd/design_1/sim/design_1.vhd
VHDL Output written to : C:/Users/Diego/Desktop/Proyecto-1-SEP/conectar_proyecto/conectar_proyecto.srcs/sources_1/bd/design_1/hdl/design_1_wrapper.vhd
WARNING: [IP_Flow 19-4994] Overwriting existing constraint file 'c:/Users/Diego/Desktop/Proyecto-1-SEP/conectar_proyecto/conectar_proyecto.srcs/sources_1/bd/design_1/ip/design_1_ila_0_0/design_1_ila_0_0_ooc.xdc'
INFO: [BD 41-1029] Generation completed for the IP Integrator block ila_0 .
Exporting to file c:/Users/Diego/Desktop/Proyecto-1-SEP/conectar_proyecto/conectar_proyecto.srcs/sources_1/bd/design_1/ip/design_1_smartconnect_0_0/bd_0/hw_handoff/design_1_smartconnect_0_0.hwh
Generated Block Design Tcl file c:/Users/Diego/Desktop/Proyecto-1-SEP/conectar_proyecto/conectar_proyecto.srcs/sources_1/bd/design_1/ip/design_1_smartconnect_0_0/bd_0/hw_handoff/design_1_smartconnect_0_0_bd.tcl
Generated Hardware Definition File c:/Users/Diego/Desktop/Proyecto-1-SEP/conectar_proyecto/conectar_proyecto.srcs/sources_1/bd/design_1/ip/design_1_smartconnect_0_0/bd_0/synth/design_1_smartconnect_0_0.hwdef
INFO: [BD 41-1029] Generation completed for the IP Integrator block smartconnect_0 .
INFO: [BD 41-1029] Generation completed for the IP Integrator block RAM_AXI_FULL_0 .
WARNING: [IP_Flow 19-4994] Overwriting existing constraint file 'c:/Users/Diego/Desktop/Proyecto-1-SEP/conectar_proyecto/conectar_proyecto.srcs/sources_1/bd/design_1/ip/design_1_ila_1_0/design_1_ila_1_0_ooc.xdc'
INFO: [BD 41-1029] Generation completed for the IP Integrator block ila_1 .
Exporting to file c:/Users/Diego/Desktop/Proyecto-1-SEP/conectar_proyecto/conectar_proyecto.srcs/sources_1/bd/design_1/ip/design_1_axi_smc_0/bd_0/hw_handoff/design_1_axi_smc_0.hwh
Generated Block Design Tcl file c:/Users/Diego/Desktop/Proyecto-1-SEP/conectar_proyecto/conectar_proyecto.srcs/sources_1/bd/design_1/ip/design_1_axi_smc_0/bd_0/hw_handoff/design_1_axi_smc_0_bd.tcl
Generated Hardware Definition File c:/Users/Diego/Desktop/Proyecto-1-SEP/conectar_proyecto/conectar_proyecto.srcs/sources_1/bd/design_1/ip/design_1_axi_smc_0/bd_0/synth/design_1_axi_smc_0.hwdef
INFO: [BD 41-1029] Generation completed for the IP Integrator block axi_smc .
Exporting to file C:/Users/Diego/Desktop/Proyecto-1-SEP/conectar_proyecto/conectar_proyecto.srcs/sources_1/bd/design_1/hw_handoff/design_1.hwh
Generated Block Design Tcl file C:/Users/Diego/Desktop/Proyecto-1-SEP/conectar_proyecto/conectar_proyecto.srcs/sources_1/bd/design_1/hw_handoff/design_1_bd.tcl
Generated Hardware Definition File C:/Users/Diego/Desktop/Proyecto-1-SEP/conectar_proyecto/conectar_proyecto.srcs/sources_1/bd/design_1/synth/design_1.hwdef
[Fri Oct 11 21:22:17 2024] Launched design_1_ila_0_0_synth_1, design_1_smartconnect_0_0_synth_1, design_1_ila_1_0_synth_1, design_1_axi_smc_0_synth_1, design_1_RAM_AXI_FULL_0_0_synth_1, synth_1...
Run output will be captured here:
design_1_ila_0_0_synth_1: C:/Users/Diego/Desktop/Proyecto-1-SEP/conectar_proyecto/conectar_proyecto.runs/design_1_ila_0_0_synth_1/runme.log
design_1_smartconnect_0_0_synth_1: C:/Users/Diego/Desktop/Proyecto-1-SEP/conectar_proyecto/conectar_proyecto.runs/design_1_smartconnect_0_0_synth_1/runme.log
design_1_ila_1_0_synth_1: C:/Users/Diego/Desktop/Proyecto-1-SEP/conectar_proyecto/conectar_proyecto.runs/design_1_ila_1_0_synth_1/runme.log
design_1_axi_smc_0_synth_1: C:/Users/Diego/Desktop/Proyecto-1-SEP/conectar_proyecto/conectar_proyecto.runs/design_1_axi_smc_0_synth_1/runme.log
design_1_RAM_AXI_FULL_0_0_synth_1: C:/Users/Diego/Desktop/Proyecto-1-SEP/conectar_proyecto/conectar_proyecto.runs/design_1_RAM_AXI_FULL_0_0_synth_1/runme.log
synth_1: C:/Users/Diego/Desktop/Proyecto-1-SEP/conectar_proyecto/conectar_proyecto.runs/synth_1/runme.log
[Fri Oct 11 21:22:17 2024] Launched impl_1...
Run output will be captured here: C:/Users/Diego/Desktop/Proyecto-1-SEP/conectar_proyecto/conectar_proyecto.runs/impl_1/runme.log
launch_runs: Time (s): cpu = 00:00:20 ; elapsed = 00:00:22 . Memory (MB): peak = 1722.273 ; gain = 0.000
regenerate_bd_layout
ipx::edit_ip_in_project -upgrade true -name ControlUnit_v1_0_project -directory C:/Users/Diego/Desktop/Proyecto-1-SEP/conectar_proyecto/conectar_proyecto.tmp/ControlUnit_v1_0_project c:/Users/Diego/Desktop/Proyecto-1-SEP/maquina_estado/maquina_estado.srcs/sources_1/new/component.xml
INFO: [ProjectBase 1-489] The host OS only allows 260 characters in a normal path. The project is stored in a path with more than 80 characters. If you experience issues with IP, Block Designs, or files not being found, please consider moving the project to a location with a shorter path. Alternately consider using the OS subst command to map part of the path to a drive letter.
Current project path is 'c:/users/diego/desktop/proyecto-1-sep/conectar_proyecto/conectar_proyecto.tmp/controlunit_v1_0_project'
INFO: [IP_Flow 19-234] Refreshing IP repositories
INFO: [IP_Flow 19-1704] No user IP repositories specified
INFO: [IP_Flow 19-2313] Loaded Vivado IP repository 'E:/Programas/xilin/Vivado/2020.1/data/ip'.
INFO: [IP_Flow 19-234] Refreshing IP repositories
WARNING: [IP_Flow 19-3685] Ignored loading user repository 'c:/Users/Diego/Desktop/Proyecto-1-SEP/ip_repo/RAM_AXI_FULL_1.0'. The path is contained within another repository.
INFO: [IP_Flow 19-1700] Loaded user IP repository 'c:/Users/Diego/Desktop/Proyecto-1-SEP'.
INFO: [IP_Flow 19-795] Syncing license key meta-data
update_compile_order -fileset sources_1
current_project conectar_proyecto
current_project ControlUnit_v1_0_project
ipx::merge_project_changes ports [ipx::current_core]
WARNING: [IP_Flow 19-5226] Project source file 'c:/Users/Diego/Desktop/Proyecto-1-SEP/maquina_estado/maquina_estado.srcs/sources_1/new/component.xml' ignored by IP packager.
ipx::merge_project_changes hdl_parameters [ipx::current_core]
WARNING: [IP_Flow 19-5226] Project source file 'c:/Users/Diego/Desktop/Proyecto-1-SEP/maquina_estado/maquina_estado.srcs/sources_1/new/component.xml' ignored by IP packager.
set_property core_revision 6 [ipx::current_core]
ipx::update_source_project_archive -component [ipx::current_core]
ipx::create_xgui_files [ipx::current_core]
ipx::update_checksums [ipx::current_core]
ipx::save_core [ipx::current_core]
ipx::move_temp_component_back -component [ipx::current_core]
close_project -delete
update_ip_catalog -rebuild -repo_path c:/Users/Diego/Desktop/Proyecto-1-SEP
INFO: [IP_Flow 19-725] Reloaded user IP repository 'c:/Users/Diego/Desktop/Proyecto-1-SEP'
ipx::edit_ip_in_project -upgrade true -name sistema_morse_v1_0_project -directory C:/Users/Diego/Desktop/Proyecto-1-SEP/conectar_proyecto/conectar_proyecto.tmp/sistema_morse_v1_0_project c:/Users/Diego/Desktop/Proyecto-1-SEP/proyecto/proyecto.srcs/component.xml
INFO: [ProjectBase 1-489] The host OS only allows 260 characters in a normal path. The project is stored in a path with more than 80 characters. If you experience issues with IP, Block Designs, or files not being found, please consider moving the project to a location with a shorter path. Alternately consider using the OS subst command to map part of the path to a drive letter.
Current project path is 'c:/users/diego/desktop/proyecto-1-sep/conectar_proyecto/conectar_proyecto.tmp/sistema_morse_v1_0_project'
INFO: [IP_Flow 19-234] Refreshing IP repositories
INFO: [IP_Flow 19-1704] No user IP repositories specified
INFO: [IP_Flow 19-2313] Loaded Vivado IP repository 'E:/Programas/xilin/Vivado/2020.1/data/ip'.
INFO: [IP_Flow 19-234] Refreshing IP repositories
WARNING: [IP_Flow 19-3685] Ignored loading user repository 'c:/Users/Diego/Desktop/Proyecto-1-SEP/ip_repo/RAM_AXI_FULL_1.0'. The path is contained within another repository.
INFO: [IP_Flow 19-1700] Loaded user IP repository 'c:/Users/Diego/Desktop/Proyecto-1-SEP'.
INFO: [IP_Flow 19-795] Syncing license key meta-data
update_compile_order -fileset sources_1
ipx::merge_project_changes hdl_parameters [ipx::current_core]
WARNING: [IP_Flow 19-5226] Project source file 'c:/Users/Diego/Desktop/Proyecto-1-SEP/proyecto/proyecto.srcs/component.xml' ignored by IP packager.
ipx::merge_project_changes files [ipx::current_core]
WARNING: [IP_Flow 19-5226] Project source file 'c:/Users/Diego/Desktop/Proyecto-1-SEP/proyecto/proyecto.srcs/component.xml' ignored by IP packager.
set_property core_revision 9 [ipx::current_core]
ipx::update_source_project_archive -component [ipx::current_core]
ipx::create_xgui_files [ipx::current_core]
ipx::update_checksums [ipx::current_core]
ipx::save_core [ipx::current_core]
ipx::move_temp_component_back -component [ipx::current_core]
close_project -delete
update_ip_catalog -rebuild -repo_path c:/Users/Diego/Desktop/Proyecto-1-SEP
INFO: [IP_Flow 19-725] Reloaded user IP repository 'c:/Users/Diego/Desktop/Proyecto-1-SEP'
ipx::edit_ip_in_project -upgrade true -name RGB_Controller_v1_0_project -directory C:/Users/Diego/Desktop/Proyecto-1-SEP/conectar_proyecto/conectar_proyecto.tmp/RGB_Controller_v1_0_project c:/Users/Diego/Desktop/Proyecto-1-SEP/status_rgb/status_rgb.srcs/sources_1/new/component.xml
INFO: [ProjectBase 1-489] The host OS only allows 260 characters in a normal path. The project is stored in a path with more than 80 characters. If you experience issues with IP, Block Designs, or files not being found, please consider moving the project to a location with a shorter path. Alternately consider using the OS subst command to map part of the path to a drive letter.
Current project path is 'c:/users/diego/desktop/proyecto-1-sep/conectar_proyecto/conectar_proyecto.tmp/rgb_controller_v1_0_project'
INFO: [IP_Flow 19-234] Refreshing IP repositories
INFO: [IP_Flow 19-1704] No user IP repositories specified
INFO: [IP_Flow 19-2313] Loaded Vivado IP repository 'E:/Programas/xilin/Vivado/2020.1/data/ip'.
INFO: [IP_Flow 19-234] Refreshing IP repositories
WARNING: [IP_Flow 19-3685] Ignored loading user repository 'c:/Users/Diego/Desktop/Proyecto-1-SEP/ip_repo/RAM_AXI_FULL_1.0'. The path is contained within another repository.
INFO: [IP_Flow 19-1700] Loaded user IP repository 'c:/Users/Diego/Desktop/Proyecto-1-SEP'.
INFO: [IP_Flow 19-795] Syncing license key meta-data
update_compile_order -fileset sources_1
ipx::merge_project_changes hdl_parameters [ipx::current_core]
WARNING: [IP_Flow 19-5226] Project source file 'c:/Users/Diego/Desktop/Proyecto-1-SEP/status_rgb/status_rgb.srcs/sources_1/new/component.xml' ignored by IP packager.
set_property core_revision 3 [ipx::current_core]
ipx::update_source_project_archive -component [ipx::current_core]
ipx::create_xgui_files [ipx::current_core]
ipx::update_checksums [ipx::current_core]
ipx::save_core [ipx::current_core]
ipx::move_temp_component_back -component [ipx::current_core]
close_project -delete
update_ip_catalog -rebuild -repo_path c:/Users/Diego/Desktop/Proyecto-1-SEP
INFO: [IP_Flow 19-725] Reloaded user IP repository 'c:/Users/Diego/Desktop/Proyecto-1-SEP'
report_ip_status -name ip_status 
upgrade_ip [get_ips  {design_1_RGB_Controller_1_0 design_1_sistema_morse_0_0 design_1_ControlUnit_0_0}] -log ip_upgrade.log
Upgrading 'C:/Users/Diego/Desktop/Proyecto-1-SEP/conectar_proyecto/conectar_proyecto.srcs/sources_1/bd/design_1/design_1.bd'
INFO: [IP_Flow 19-3422] Upgraded design_1_ControlUnit_0_0 (ControlUnit_v1_0 1.0) from revision 5 to revision 6
INFO: [IP_Flow 19-3422] Upgraded design_1_RGB_Controller_1_0 (RGB_Controller_v1_0 1.0) from revision 2 to revision 3
INFO: [IP_Flow 19-3422] Upgraded design_1_sistema_morse_0_0 (sistema_morse_v1_0 1.0) from revision 8 to revision 9
Wrote  : <C:\Users\Diego\Desktop\Proyecto-1-SEP\conectar_proyecto\conectar_proyecto.srcs\sources_1\bd\design_1\design_1.bd> 
Wrote  : <C:/Users/Diego/Desktop/Proyecto-1-SEP/conectar_proyecto/conectar_proyecto.srcs/sources_1/bd/design_1/ui/bd_1f5defd0.ui> 
INFO: [Coretcl 2-1525] Wrote upgrade log to 'C:/Users/Diego/Desktop/Proyecto-1-SEP/conectar_proyecto/ip_upgrade.log'.
export_ip_user_files -of_objects [get_ips {design_1_RGB_Controller_1_0 design_1_sistema_morse_0_0 design_1_ControlUnit_0_0}] -no_script -sync -force -quiet
report_ip_status -name ip_status 
regenerate_bd_layout
open_hw_manager
connect_hw_server -allow_non_jtag
INFO: [Labtools 27-2285] Connecting to hw_server url TCP:localhost:3121
INFO: [Labtools 27-2222] Launching hw_server...
INFO: [Labtools 27-2221] Launch Output:

****** Xilinx hw_server v2020.1
  **** Build date : May 27 2020 at 20:24:38
    ** Copyright 1986-2020 Xilinx, Inc. All Rights Reserved.


INFO: [Labtools 27-3415] Connecting to cs_server url TCP:localhost:3042
INFO: [Labtools 27-3417] Launching cs_server...
INFO: [Labtools 27-2221] Launch Output:


****** Xilinx cs_server v2020.1.0
  **** Build date : May 13 2020-21:10:29
    ** Copyright 2017-2020 Xilinx, Inc. All Rights Reserved.



connect_hw_server: Time (s): cpu = 00:00:01 ; elapsed = 00:00:09 . Memory (MB): peak = 2514.930 ; gain = 0.000
open_hw_target
INFO: [Labtoolstcl 44-466] Opening hw_target localhost:3121/xilinx_tcf/Digilent/210351B3FC05A
open_hw_target: Time (s): cpu = 00:00:03 ; elapsed = 00:00:07 . Memory (MB): peak = 3807.695 ; gain = 1292.766
set_property PROGRAM.FILE {C:/Users/Diego/Desktop/Proyecto-1-SEP/conectar_proyecto/conectar_proyecto.runs/impl_1/design_1_wrapper.bit} [get_hw_devices xc7z010_1]
set_property PROBES.FILE {C:/Users/Diego/Desktop/Proyecto-1-SEP/conectar_proyecto/conectar_proyecto.runs/impl_1/design_1_wrapper.ltx} [get_hw_devices xc7z010_1]
set_property FULL_PROBES.FILE {C:/Users/Diego/Desktop/Proyecto-1-SEP/conectar_proyecto/conectar_proyecto.runs/impl_1/design_1_wrapper.ltx} [get_hw_devices xc7z010_1]
current_hw_device [get_hw_devices xc7z010_1]
refresh_hw_device [lindex [get_hw_devices xc7z010_1] 0]
INFO: [Labtools 27-1434] Device xc7z010 (JTAG device index = 1) is programmed with a design that has no supported debug core(s) in it.
WARNING: [Labtools 27-3361] The debug hub core was not detected.
Resolution: 
1. Make sure the clock connected to the debug hub (dbg_hub) core is a free running clock and is active.
2. Make sure the BSCAN_SWITCH_USER_MASK device property in Vivado Hardware Manager reflects the user scan chain setting in the design and refresh the device.  To determine the user scan chain setting in the design, open the implemented design and use 'get_property C_USER_SCAN_CHAIN [get_debug_cores dbg_hub]'.
For more details on setting the scan chain property, consult the Vivado Debug and Programming User Guide (UG908).
WARNING: [Labtools 27-3413] Dropping logic core with cellname:'design_1_i/vio_0' at location 'uuid_01A4B5947C445FA6BD66F70F5F031273' from probes file, since it cannot be found on the programmed device.
WARNING: [Labtools 27-3413] Dropping logic core with cellname:'design_1_i/ila_1' at location 'uuid_B0FF74A9F11A54C5B2AA3D087C7AB7BE' from probes file, since it cannot be found on the programmed device.
WARNING: [Labtools 27-3413] Dropping logic core with cellname:'design_1_i/ila_0' at location 'uuid_BE177176557E59FEACE2FE04795A2B22' from probes file, since it cannot be found on the programmed device.
set_property PROBES.FILE {C:/Users/Diego/Desktop/Proyecto-1-SEP/conectar_proyecto/conectar_proyecto.runs/impl_1/design_1_wrapper.ltx} [get_hw_devices xc7z010_1]
set_property FULL_PROBES.FILE {C:/Users/Diego/Desktop/Proyecto-1-SEP/conectar_proyecto/conectar_proyecto.runs/impl_1/design_1_wrapper.ltx} [get_hw_devices xc7z010_1]
set_property PROGRAM.FILE {C:/Users/Diego/Desktop/Proyecto-1-SEP/conectar_proyecto/conectar_proyecto.runs/impl_1/design_1_wrapper.bit} [get_hw_devices xc7z010_1]
program_hw_devices [get_hw_devices xc7z010_1]
INFO: [Labtools 27-3164] End of startup status: HIGH
refresh_hw_device [lindex [get_hw_devices xc7z010_1] 0]
INFO: [Labtools 27-2302] Device xc7z010 (JTAG device index = 1) is programmed with a design that has 2 ILA core(s).
INFO: [Labtools 27-2302] Device xc7z010 (JTAG device index = 1) is programmed with a design that has 1 VIO core(s).
WARNING: [Labtools 27-1952] VIO hw_probe OUTPUT_VALUE properties for hw_vio(s) [hw_vio_1] differ from output values in the VIO core(s).
Resolution: 
To synchronize the hw_probes properties and the VIO core outputs choose one of the following alternatives:
  1) Execute the command 'Commit Output Values to VIO Core', to write down the hw_probe values to the core.
  2) Execute the command 'Refresh Input and Output Values from VIO Core', to update the hw_probe properties with the core values.
  3) First restore initial values in the core with the command 'Reset VIO Core Outputs', and then execute the command 'Refresh Input and Output Values from VIO Core'.
display_hw_ila_data [ get_hw_ila_data hw_ila_data_1 -of_objects [get_hw_ilas -of_objects [get_hw_devices xc7z010_1] -filter {CELL_NAME=~"design_1_i/ila_0"}]]
display_hw_ila_data [ get_hw_ila_data hw_ila_data_2 -of_objects [get_hw_ilas -of_objects [get_hw_devices xc7z010_1] -filter {CELL_NAME=~"design_1_i/ila_1"}]]
run_hw_ila [get_hw_ilas -of_objects [get_hw_devices xc7z010_1] -filter {CELL_NAME=~"design_1_i/ila_0"}]
INFO: [Labtools 27-1964] The ILA core 'hw_ila_1' trigger was armed at 2024-Oct-11 22:02:45
run_hw_ila [get_hw_ilas -of_objects [get_hw_devices xc7z010_1] -filter {CELL_NAME=~"design_1_i/ila_1"}]
INFO: [Labtools 27-1964] The ILA core 'hw_ila_2' trigger was armed at 2024-Oct-11 22:03:01
wait_on_hw_ila [get_hw_ilas -of_objects [get_hw_devices xc7z010_1] -filter {CELL_NAME=~"design_1_i/ila_1"}]
display_hw_ila_data [upload_hw_ila_data [get_hw_ilas -of_objects [get_hw_devices xc7z010_1] -filter {CELL_NAME=~"design_1_i/ila_1"}]]
INFO: [Labtools 27-1966] The ILA core 'hw_ila_2' triggered at 2024-Oct-11 22:03:01
INFO: [Labtools 27-3304] ILA Waveform data saved to file C:/Users/Diego/Desktop/Proyecto-1-SEP/conectar_proyecto/conectar_proyecto.hw/backup/hw_ila_data_2.ila. Use Tcl command 'read_hw_ila_data' or Vivado File->Import->Import ILA Data menu item to import the previously saved data.
set_property OUTPUT_VALUE 0 [get_hw_probes design_1_i/vio_0_probe_out1 -of_objects [get_hw_vios -of_objects [get_hw_devices xc7z010_1] -filter {CELL_NAME=~"design_1_i/vio_0"}]]
commit_hw_vio [get_hw_probes {design_1_i/vio_0_probe_out1} -of_objects [get_hw_vios -of_objects [get_hw_devices xc7z010_1] -filter {CELL_NAME=~"design_1_i/vio_0"}]]
set_property OUTPUT_VALUE 1 [get_hw_probes design_1_i/vio_0_probe_out1 -of_objects [get_hw_vios -of_objects [get_hw_devices xc7z010_1] -filter {CELL_NAME=~"design_1_i/vio_0"}]]
commit_hw_vio [get_hw_probes {design_1_i/vio_0_probe_out1} -of_objects [get_hw_vios -of_objects [get_hw_devices xc7z010_1] -filter {CELL_NAME=~"design_1_i/vio_0"}]]
wait_on_hw_ila [get_hw_ilas -of_objects [get_hw_devices xc7z010_1] -filter {CELL_NAME=~"design_1_i/ila_0"}]
display_hw_ila_data [upload_hw_ila_data [get_hw_ilas -of_objects [get_hw_devices xc7z010_1] -filter {CELL_NAME=~"design_1_i/ila_0"}]]
INFO: [Labtools 27-1966] The ILA core 'hw_ila_1' triggered at 2024-Oct-11 22:04:45
INFO: [Labtools 27-3304] ILA Waveform data saved to file C:/Users/Diego/Desktop/Proyecto-1-SEP/conectar_proyecto/conectar_proyecto.hw/backup/hw_ila_data_1.ila. Use Tcl command 'read_hw_ila_data' or Vivado File->Import->Import ILA Data menu item to import the previously saved data.
run_hw_ila [get_hw_ilas -of_objects [get_hw_devices xc7z010_1] -filter {CELL_NAME=~"design_1_i/ila_1"}]
INFO: [Labtools 27-1964] The ILA core 'hw_ila_2' trigger was armed at 2024-Oct-11 22:04:51
wait_on_hw_ila [get_hw_ilas -of_objects [get_hw_devices xc7z010_1] -filter {CELL_NAME=~"design_1_i/ila_1"}]
display_hw_ila_data [upload_hw_ila_data [get_hw_ilas -of_objects [get_hw_devices xc7z010_1] -filter {CELL_NAME=~"design_1_i/ila_1"}]]
INFO: [Labtools 27-1966] The ILA core 'hw_ila_2' triggered at 2024-Oct-11 22:04:51
INFO: [Labtools 27-3304] ILA Waveform data saved to file C:/Users/Diego/Desktop/Proyecto-1-SEP/conectar_proyecto/conectar_proyecto.hw/backup/hw_ila_data_2.ila. Use Tcl command 'read_hw_ila_data' or Vivado File->Import->Import ILA Data menu item to import the previously saved data.
run_hw_ila [get_hw_ilas -of_objects [get_hw_devices xc7z010_1] -filter {CELL_NAME=~"design_1_i/ila_1"}]
INFO: [Labtools 27-1964] The ILA core 'hw_ila_2' trigger was armed at 2024-Oct-11 22:05:22
wait_on_hw_ila [get_hw_ilas -of_objects [get_hw_devices xc7z010_1] -filter {CELL_NAME=~"design_1_i/ila_1"}]
display_hw_ila_data [upload_hw_ila_data [get_hw_ilas -of_objects [get_hw_devices xc7z010_1] -filter {CELL_NAME=~"design_1_i/ila_1"}]]
INFO: [Labtools 27-1966] The ILA core 'hw_ila_2' triggered at 2024-Oct-11 22:05:22
INFO: [Labtools 27-3304] ILA Waveform data saved to file C:/Users/Diego/Desktop/Proyecto-1-SEP/conectar_proyecto/conectar_proyecto.hw/backup/hw_ila_data_2.ila. Use Tcl command 'read_hw_ila_data' or Vivado File->Import->Import ILA Data menu item to import the previously saved data.
set_property TRIGGER_COMPARE_VALUE eq1'b1 [get_hw_probes design_1_i/axi_smc_M00_AXI_AWVALID -of_objects [get_hw_ilas -of_objects [get_hw_devices xc7z010_1] -filter {CELL_NAME=~"design_1_i/ila_1"}]]
run_hw_ila [get_hw_ilas -of_objects [get_hw_devices xc7z010_1] -filter {CELL_NAME=~"design_1_i/ila_1"}]
INFO: [Labtools 27-1964] The ILA core 'hw_ila_2' trigger was armed at 2024-Oct-11 22:05:43
set_property PROBES.FILE {C:/Users/Diego/Desktop/Proyecto-1-SEP/conectar_proyecto/conectar_proyecto.runs/impl_1/design_1_wrapper.ltx} [get_hw_devices xc7z010_1]
set_property FULL_PROBES.FILE {C:/Users/Diego/Desktop/Proyecto-1-SEP/conectar_proyecto/conectar_proyecto.runs/impl_1/design_1_wrapper.ltx} [get_hw_devices xc7z010_1]
set_property PROGRAM.FILE {C:/Users/Diego/Desktop/Proyecto-1-SEP/conectar_proyecto/conectar_proyecto.runs/impl_1/design_1_wrapper.bit} [get_hw_devices xc7z010_1]
program_hw_devices [get_hw_devices xc7z010_1]
INFO: [Labtools 27-3164] End of startup status: HIGH
refresh_hw_device [lindex [get_hw_devices xc7z010_1] 0]
INFO: [Labtools 27-2302] Device xc7z010 (JTAG device index = 1) is programmed with a design that has 2 ILA core(s).
INFO: [Labtools 27-2302] Device xc7z010 (JTAG device index = 1) is programmed with a design that has 1 VIO core(s).
WARNING: [Labtools 27-1952] VIO hw_probe OUTPUT_VALUE properties for hw_vio(s) [hw_vio_1] differ from output values in the VIO core(s).
Resolution: 
To synchronize the hw_probes properties and the VIO core outputs choose one of the following alternatives:
  1) Execute the command 'Commit Output Values to VIO Core', to write down the hw_probe values to the core.
  2) Execute the command 'Refresh Input and Output Values from VIO Core', to update the hw_probe properties with the core values.
  3) First restore initial values in the core with the command 'Reset VIO Core Outputs', and then execute the command 'Refresh Input and Output Values from VIO Core'.
refresh_hw_device: Time (s): cpu = 00:00:06 ; elapsed = 00:00:06 . Memory (MB): peak = 3815.918 ; gain = 0.000
run_hw_ila [get_hw_ilas -of_objects [get_hw_devices xc7z010_1] -filter {CELL_NAME=~"design_1_i/ila_0"}]
INFO: [Labtools 27-1964] The ILA core 'hw_ila_1' trigger was armed at 2024-Oct-11 22:06:05
run_hw_ila [get_hw_ilas -of_objects [get_hw_devices xc7z010_1] -filter {CELL_NAME=~"design_1_i/ila_1"}]
INFO: [Labtools 27-1964] The ILA core 'hw_ila_2' trigger was armed at 2024-Oct-11 22:06:17
set_property PROBES.FILE {C:/Users/Diego/Desktop/Proyecto-1-SEP/conectar_proyecto/conectar_proyecto.runs/impl_1/design_1_wrapper.ltx} [get_hw_devices xc7z010_1]
set_property FULL_PROBES.FILE {C:/Users/Diego/Desktop/Proyecto-1-SEP/conectar_proyecto/conectar_proyecto.runs/impl_1/design_1_wrapper.ltx} [get_hw_devices xc7z010_1]
set_property PROGRAM.FILE {C:/Users/Diego/Desktop/Proyecto-1-SEP/conectar_proyecto/conectar_proyecto.runs/impl_1/design_1_wrapper.bit} [get_hw_devices xc7z010_1]
program_hw_devices [get_hw_devices xc7z010_1]
INFO: [Labtools 27-3164] End of startup status: HIGH
refresh_hw_device [lindex [get_hw_devices xc7z010_1] 0]
INFO: [Labtools 27-2302] Device xc7z010 (JTAG device index = 1) is programmed with a design that has 2 ILA core(s).
INFO: [Labtools 27-2302] Device xc7z010 (JTAG device index = 1) is programmed with a design that has 1 VIO core(s).
WARNING: [Labtools 27-1952] VIO hw_probe OUTPUT_VALUE properties for hw_vio(s) [hw_vio_1] differ from output values in the VIO core(s).
Resolution: 
To synchronize the hw_probes properties and the VIO core outputs choose one of the following alternatives:
  1) Execute the command 'Commit Output Values to VIO Core', to write down the hw_probe values to the core.
  2) Execute the command 'Refresh Input and Output Values from VIO Core', to update the hw_probe properties with the core values.
  3) First restore initial values in the core with the command 'Reset VIO Core Outputs', and then execute the command 'Refresh Input and Output Values from VIO Core'.
run_hw_ila [get_hw_ilas -of_objects [get_hw_devices xc7z010_1] -filter {CELL_NAME=~"design_1_i/ila_1"}]
INFO: [Labtools 27-1964] The ILA core 'hw_ila_2' trigger was armed at 2024-Oct-11 22:07:08
reset_run synth_1
WARNING: [Vivado 12-1017] Problems encountered:
1. Failed to delete one or more files in run directory C:/Users/Diego/Desktop/Proyecto-1-SEP/conectar_proyecto/conectar_proyecto.runs/synth_1

launch_runs impl_1 -to_step write_bitstream -jobs 8
INFO: [Ipptcl 7-1463] No Compatible Board Interface found. Board Tab not created in customize GUI
INFO: [Ipptcl 7-1463] No Compatible Board Interface found. Board Tab not created in customize GUI
WARNING: [BD 41-237] Bus Interface property WUSER_WIDTH does not match between /ila_1/SLOT_0_AXI(1) and /axi_smc/M00_AXI(0)
WARNING: [BD 41-237] Bus Interface property RUSER_WIDTH does not match between /ila_1/SLOT_0_AXI(1) and /axi_smc/M00_AXI(0)
WARNING: [BD 41-237] Bus Interface property BUSER_WIDTH does not match between /ila_1/SLOT_0_AXI(1) and /axi_smc/M00_AXI(0)
Wrote  : <C:\Users\Diego\Desktop\Proyecto-1-SEP\conectar_proyecto\conectar_proyecto.srcs\sources_1\bd\design_1\design_1.bd> 
Wrote  : <C:/Users/Diego/Desktop/Proyecto-1-SEP/conectar_proyecto/conectar_proyecto.srcs/sources_1/bd/design_1/ui/bd_1f5defd0.ui> 
VHDL Output written to : C:/Users/Diego/Desktop/Proyecto-1-SEP/conectar_proyecto/conectar_proyecto.srcs/sources_1/bd/design_1/synth/design_1.vhd
VHDL Output written to : C:/Users/Diego/Desktop/Proyecto-1-SEP/conectar_proyecto/conectar_proyecto.srcs/sources_1/bd/design_1/sim/design_1.vhd
VHDL Output written to : C:/Users/Diego/Desktop/Proyecto-1-SEP/conectar_proyecto/conectar_proyecto.srcs/sources_1/bd/design_1/hdl/design_1_wrapper.vhd
INFO: [BD 41-1029] Generation completed for the IP Integrator block ControlUnit_0 .
INFO: [BD 41-1029] Generation completed for the IP Integrator block sistema_morse_0 .
INFO: [BD 41-1029] Generation completed for the IP Integrator block RGB_Controller_1 .
ERROR: [Ipptcl 7-519] NULL COE Data pointer: Invalid Hex Value detected in the COE File: ---
ERROR: [Common 17-39] 'ipgui::get_coe_val' failed due to earlier errors.
CRITICAL WARNING: [IP_Flow 19-1747] Failed to deliver file 'e:/Programas/xilin/Vivado/2020.1/data/ip/xilinx/axi_traffic_gen_v3_0/hdl/src/verilog/mem_init_addr.xit': ERROR: [Common 17-39] 'ipgui::get_coe_val' failed due to earlier errors.

ERROR: [Ipptcl 7-519] NULL COE Data pointer: Invalid Hex Value detected in the COE File: ---
ERROR: [Common 17-39] 'ipgui::get_coe_val' failed due to earlier errors.
CRITICAL WARNING: [IP_Flow 19-1747] Failed to deliver file 'e:/Programas/xilin/Vivado/2020.1/data/ip/xilinx/axi_traffic_gen_v3_0/hdl/src/verilog/mem_init_data.xit': ERROR: [Common 17-39] 'ipgui::get_coe_val' failed due to earlier errors.

ERROR: [IP_Flow 19-167] Failed to deliver one or more file(s).
ERROR: [IP_Flow 19-3505] IP Generation error: Failed to generate IP 'axi_traffic_gen_1'. Failed to generate 'Synthesis' outputs: 
ERROR: [IP_Flow 19-98] Generation of the IP CORE failed.
Failed to generate IP 'axi_traffic_gen_1'. Failed to generate 'Synthesis' outputs: 
ERROR: [BD 41-1030] Generation failed for the IP Integrator block axi_traffic_gen_1 
Exporting to file c:/Users/Diego/Desktop/Proyecto-1-SEP/conectar_proyecto/conectar_proyecto.srcs/sources_1/bd/design_1/ip/design_1_smartconnect_0_0/bd_0/hw_handoff/design_1_smartconnect_0_0.hwh
Generated Block Design Tcl file c:/Users/Diego/Desktop/Proyecto-1-SEP/conectar_proyecto/conectar_proyecto.srcs/sources_1/bd/design_1/ip/design_1_smartconnect_0_0/bd_0/hw_handoff/design_1_smartconnect_0_0_bd.tcl
Generated Hardware Definition File c:/Users/Diego/Desktop/Proyecto-1-SEP/conectar_proyecto/conectar_proyecto.srcs/sources_1/bd/design_1/ip/design_1_smartconnect_0_0/bd_0/synth/design_1_smartconnect_0_0.hwdef
INFO: [BD 41-1029] Generation completed for the IP Integrator block smartconnect_0 .
Exporting to file c:/Users/Diego/Desktop/Proyecto-1-SEP/conectar_proyecto/conectar_proyecto.srcs/sources_1/bd/design_1/ip/design_1_axi_smc_0/bd_0/hw_handoff/design_1_axi_smc_0.hwh
Generated Block Design Tcl file c:/Users/Diego/Desktop/Proyecto-1-SEP/conectar_proyecto/conectar_proyecto.srcs/sources_1/bd/design_1/ip/design_1_axi_smc_0/bd_0/hw_handoff/design_1_axi_smc_0_bd.tcl
Generated Hardware Definition File c:/Users/Diego/Desktop/Proyecto-1-SEP/conectar_proyecto/conectar_proyecto.srcs/sources_1/bd/design_1/ip/design_1_axi_smc_0/bd_0/synth/design_1_axi_smc_0.hwdef
INFO: [BD 41-1029] Generation completed for the IP Integrator block axi_smc .
Exporting to file C:/Users/Diego/Desktop/Proyecto-1-SEP/conectar_proyecto/conectar_proyecto.srcs/sources_1/bd/design_1/hw_handoff/design_1.hwh
Generated Block Design Tcl file C:/Users/Diego/Desktop/Proyecto-1-SEP/conectar_proyecto/conectar_proyecto.srcs/sources_1/bd/design_1/hw_handoff/design_1_bd.tcl
Generated Hardware Definition File C:/Users/Diego/Desktop/Proyecto-1-SEP/conectar_proyecto/conectar_proyecto.srcs/sources_1/bd/design_1/synth/design_1.hwdef
INFO: [IP_Flow 19-4993] Using cached IP synthesis design for IP design_1_axi_smc_0, cache-ID = 2e6bfa03c8812875; cache size = 92.611 MB.
INFO: [IP_Flow 19-4993] Using cached IP synthesis design for IP design_1_smartconnect_0_0, cache-ID = 621d8cb65f3ce8f7; cache size = 92.611 MB.
ERROR: [Vivado 12-4756] Launch of runs aborted due to earlier errors while preparing sub-designs for run execution.
launch_runs impl_1 -to_step write_bitstream -jobs 8
INFO: [BD 41-1662] The design 'design_1.bd' is already validated. Therefore parameter propagation will not be re-run.
Wrote  : <C:\Users\Diego\Desktop\Proyecto-1-SEP\conectar_proyecto\conectar_proyecto.srcs\sources_1\bd\design_1\design_1.bd> 
Wrote  : <C:/Users/Diego/Desktop/Proyecto-1-SEP/conectar_proyecto/conectar_proyecto.srcs/sources_1/bd/design_1/ui/bd_1f5defd0.ui> 
VHDL Output written to : C:/Users/Diego/Desktop/Proyecto-1-SEP/conectar_proyecto/conectar_proyecto.srcs/sources_1/bd/design_1/synth/design_1.vhd
VHDL Output written to : C:/Users/Diego/Desktop/Proyecto-1-SEP/conectar_proyecto/conectar_proyecto.srcs/sources_1/bd/design_1/sim/design_1.vhd
VHDL Output written to : C:/Users/Diego/Desktop/Proyecto-1-SEP/conectar_proyecto/conectar_proyecto.srcs/sources_1/bd/design_1/hdl/design_1_wrapper.vhd
INFO: [BD 41-1029] Generation completed for the IP Integrator block axi_traffic_gen_1 .
Exporting to file c:/Users/Diego/Desktop/Proyecto-1-SEP/conectar_proyecto/conectar_proyecto.srcs/sources_1/bd/design_1/ip/design_1_smartconnect_0_0/bd_0/hw_handoff/design_1_smartconnect_0_0.hwh
Generated Block Design Tcl file c:/Users/Diego/Desktop/Proyecto-1-SEP/conectar_proyecto/conectar_proyecto.srcs/sources_1/bd/design_1/ip/design_1_smartconnect_0_0/bd_0/hw_handoff/design_1_smartconnect_0_0_bd.tcl
Generated Hardware Definition File c:/Users/Diego/Desktop/Proyecto-1-SEP/conectar_proyecto/conectar_proyecto.srcs/sources_1/bd/design_1/ip/design_1_smartconnect_0_0/bd_0/synth/design_1_smartconnect_0_0.hwdef
Exporting to file c:/Users/Diego/Desktop/Proyecto-1-SEP/conectar_proyecto/conectar_proyecto.srcs/sources_1/bd/design_1/ip/design_1_axi_smc_0/bd_0/hw_handoff/design_1_axi_smc_0.hwh
Generated Block Design Tcl file c:/Users/Diego/Desktop/Proyecto-1-SEP/conectar_proyecto/conectar_proyecto.srcs/sources_1/bd/design_1/ip/design_1_axi_smc_0/bd_0/hw_handoff/design_1_axi_smc_0_bd.tcl
Generated Hardware Definition File c:/Users/Diego/Desktop/Proyecto-1-SEP/conectar_proyecto/conectar_proyecto.srcs/sources_1/bd/design_1/ip/design_1_axi_smc_0/bd_0/synth/design_1_axi_smc_0.hwdef
Exporting to file C:/Users/Diego/Desktop/Proyecto-1-SEP/conectar_proyecto/conectar_proyecto.srcs/sources_1/bd/design_1/hw_handoff/design_1.hwh
Generated Block Design Tcl file C:/Users/Diego/Desktop/Proyecto-1-SEP/conectar_proyecto/conectar_proyecto.srcs/sources_1/bd/design_1/hw_handoff/design_1_bd.tcl
Generated Hardware Definition File C:/Users/Diego/Desktop/Proyecto-1-SEP/conectar_proyecto/conectar_proyecto.srcs/sources_1/bd/design_1/synth/design_1.hwdef
INFO: [IP_Flow 19-4993] Using cached IP synthesis design for IP design_1_axi_traffic_gen_1_0, cache-ID = e7f48a0439036ae4; cache size = 92.611 MB.
[Fri Oct 11 22:08:45 2024] Launched design_1_sistema_morse_0_0_synth_1, design_1_RGB_Controller_1_0_synth_1, design_1_ControlUnit_0_0_synth_1, synth_1...
Run output will be captured here:
design_1_sistema_morse_0_0_synth_1: C:/Users/Diego/Desktop/Proyecto-1-SEP/conectar_proyecto/conectar_proyecto.runs/design_1_sistema_morse_0_0_synth_1/runme.log
design_1_RGB_Controller_1_0_synth_1: C:/Users/Diego/Desktop/Proyecto-1-SEP/conectar_proyecto/conectar_proyecto.runs/design_1_RGB_Controller_1_0_synth_1/runme.log
design_1_ControlUnit_0_0_synth_1: C:/Users/Diego/Desktop/Proyecto-1-SEP/conectar_proyecto/conectar_proyecto.runs/design_1_ControlUnit_0_0_synth_1/runme.log
synth_1: C:/Users/Diego/Desktop/Proyecto-1-SEP/conectar_proyecto/conectar_proyecto.runs/synth_1/runme.log
[Fri Oct 11 22:08:45 2024] Launched impl_1...
Run output will be captured here: C:/Users/Diego/Desktop/Proyecto-1-SEP/conectar_proyecto/conectar_proyecto.runs/impl_1/runme.log
launch_runs: Time (s): cpu = 00:00:06 ; elapsed = 00:00:07 . Memory (MB): peak = 3815.918 ; gain = 0.000
open_bd_design {C:/Users/Diego/Desktop/Proyecto-1-SEP/conectar_proyecto/conectar_proyecto.srcs/sources_1/bd/design_1/design_1.bd}
report_ip_status -name ip_status 
set_property PROBES.FILE {C:/Users/Diego/Desktop/Proyecto-1-SEP/conectar_proyecto/conectar_proyecto.runs/impl_1/design_1_wrapper.ltx} [get_hw_devices xc7z010_1]
set_property FULL_PROBES.FILE {C:/Users/Diego/Desktop/Proyecto-1-SEP/conectar_proyecto/conectar_proyecto.runs/impl_1/design_1_wrapper.ltx} [get_hw_devices xc7z010_1]
set_property PROGRAM.FILE {C:/Users/Diego/Desktop/Proyecto-1-SEP/conectar_proyecto/conectar_proyecto.runs/impl_1/design_1_wrapper.bit} [get_hw_devices xc7z010_1]
program_hw_devices [get_hw_devices xc7z010_1]
INFO: [Labtools 27-3164] End of startup status: HIGH
refresh_hw_device [lindex [get_hw_devices xc7z010_1] 0]
INFO: [Labtools 27-2302] Device xc7z010 (JTAG device index = 1) is programmed with a design that has 2 ILA core(s).
INFO: [Labtools 27-2302] Device xc7z010 (JTAG device index = 1) is programmed with a design that has 1 VIO core(s).
WARNING: [Labtools 27-1952] VIO hw_probe OUTPUT_VALUE properties for hw_vio(s) [hw_vio_1] differ from output values in the VIO core(s).
Resolution: 
To synchronize the hw_probes properties and the VIO core outputs choose one of the following alternatives:
  1) Execute the command 'Commit Output Values to VIO Core', to write down the hw_probe values to the core.
  2) Execute the command 'Refresh Input and Output Values from VIO Core', to update the hw_probe properties with the core values.
  3) First restore initial values in the core with the command 'Reset VIO Core Outputs', and then execute the command 'Refresh Input and Output Values from VIO Core'.
set_property TRIGGER_COMPARE_VALUE eq1'bX [get_hw_probes design_1_i/axi_smc_M00_AXI_AWVALID -of_objects [get_hw_ilas -of_objects [get_hw_devices xc7z010_1] -filter {CELL_NAME=~"design_1_i/ila_1"}]]
set_property TRIGGER_COMPARE_VALUE eq1'b1 [get_hw_probes design_1_i/axi_smc_M00_AXI_WVALID -of_objects [get_hw_ilas -of_objects [get_hw_devices xc7z010_1] -filter {CELL_NAME=~"design_1_i/ila_1"}]]
run_hw_ila [get_hw_ilas -of_objects [get_hw_devices xc7z010_1] -filter {CELL_NAME=~"design_1_i/ila_0"}]
INFO: [Labtools 27-1964] The ILA core 'hw_ila_1' trigger was armed at 2024-Oct-11 22:13:20
run_hw_ila [get_hw_ilas -of_objects [get_hw_devices xc7z010_1] -filter {CELL_NAME=~"design_1_i/ila_1"}]
INFO: [Labtools 27-1964] The ILA core 'hw_ila_2' trigger was armed at 2024-Oct-11 22:14:10
open_bd_design {C:/Users/Diego/Desktop/Proyecto-1-SEP/conectar_proyecto/conectar_proyecto.srcs/sources_1/bd/design_1/design_1.bd}
open_bd_design {C:/Users/Diego/Desktop/Proyecto-1-SEP/conectar_proyecto/conectar_proyecto.srcs/sources_1/bd/design_1/design_1.bd}
set_property TRIGGER_COMPARE_VALUE eq1'bX [get_hw_probes design_1_i/axi_smc_M00_AXI_WVALID -of_objects [get_hw_ilas -of_objects [get_hw_devices xc7z010_1] -filter {CELL_NAME=~"design_1_i/ila_1"}]]
set_property TRIGGER_COMPARE_VALUE eq1'b1 [get_hw_probes design_1_i/axi_smc_M00_AXI_AWVALID -of_objects [get_hw_ilas -of_objects [get_hw_devices xc7z010_1] -filter {CELL_NAME=~"design_1_i/ila_1"}]]
set_property OUTPUT_VALUE 0 [get_hw_probes design_1_i/vio_0_probe_out1 -of_objects [get_hw_vios -of_objects [get_hw_devices xc7z010_1] -filter {CELL_NAME=~"design_1_i/vio_0"}]]
commit_hw_vio [get_hw_probes {design_1_i/vio_0_probe_out1} -of_objects [get_hw_vios -of_objects [get_hw_devices xc7z010_1] -filter {CELL_NAME=~"design_1_i/vio_0"}]]
set_property OUTPUT_VALUE 1 [get_hw_probes design_1_i/vio_0_probe_out1 -of_objects [get_hw_vios -of_objects [get_hw_devices xc7z010_1] -filter {CELL_NAME=~"design_1_i/vio_0"}]]
commit_hw_vio [get_hw_probes {design_1_i/vio_0_probe_out1} -of_objects [get_hw_vios -of_objects [get_hw_devices xc7z010_1] -filter {CELL_NAME=~"design_1_i/vio_0"}]]
wait_on_hw_ila [get_hw_ilas -of_objects [get_hw_devices xc7z010_1] -filter {CELL_NAME=~"design_1_i/ila_0"}]
display_hw_ila_data [upload_hw_ila_data [get_hw_ilas -of_objects [get_hw_devices xc7z010_1] -filter {CELL_NAME=~"design_1_i/ila_0"}]]
INFO: [Labtools 27-1966] The ILA core 'hw_ila_1' triggered at 2024-Oct-11 22:18:10
INFO: [Labtools 27-3304] ILA Waveform data saved to file C:/Users/Diego/Desktop/Proyecto-1-SEP/conectar_proyecto/conectar_proyecto.hw/backup/hw_ila_data_1.ila. Use Tcl command 'read_hw_ila_data' or Vivado File->Import->Import ILA Data menu item to import the previously saved data.
open_bd_design {C:/Users/Diego/Desktop/Proyecto-1-SEP/conectar_proyecto/conectar_proyecto.srcs/sources_1/bd/design_1/design_1.bd}
open_bd_design {C:/Users/Diego/Desktop/Proyecto-1-SEP/conectar_proyecto/conectar_proyecto.srcs/sources_1/bd/design_1/design_1.bd}
open_bd_design {C:/Users/Diego/Desktop/Proyecto-1-SEP/conectar_proyecto/conectar_proyecto.srcs/sources_1/bd/design_1/design_1.bd}
reset_run impl_1 -prev_step 
launch_runs impl_1 -to_step write_bitstream -jobs 8
[Fri Oct 11 22:21:33 2024] Launched impl_1...
Run output will be captured here: C:/Users/Diego/Desktop/Proyecto-1-SEP/conectar_proyecto/conectar_proyecto.runs/impl_1/runme.log
set_property PROBES.FILE {C:/Users/Diego/Desktop/Proyecto-1-SEP/conectar_proyecto/conectar_proyecto.runs/impl_1/design_1_wrapper.ltx} [get_hw_devices xc7z010_1]
set_property FULL_PROBES.FILE {C:/Users/Diego/Desktop/Proyecto-1-SEP/conectar_proyecto/conectar_proyecto.runs/impl_1/design_1_wrapper.ltx} [get_hw_devices xc7z010_1]
set_property PROGRAM.FILE {C:/Users/Diego/Desktop/Proyecto-1-SEP/conectar_proyecto/conectar_proyecto.runs/impl_1/design_1_wrapper.bit} [get_hw_devices xc7z010_1]
program_hw_devices [get_hw_devices xc7z010_1]
INFO: [Labtools 27-3164] End of startup status: HIGH
refresh_hw_device [lindex [get_hw_devices xc7z010_1] 0]
INFO: [Labtools 27-2302] Device xc7z010 (JTAG device index = 1) is programmed with a design that has 2 ILA core(s).
INFO: [Labtools 27-2302] Device xc7z010 (JTAG device index = 1) is programmed with a design that has 1 VIO core(s).
WARNING: [Labtools 27-1952] VIO hw_probe OUTPUT_VALUE properties for hw_vio(s) [hw_vio_1] differ from output values in the VIO core(s).
Resolution: 
To synchronize the hw_probes properties and the VIO core outputs choose one of the following alternatives:
  1) Execute the command 'Commit Output Values to VIO Core', to write down the hw_probe values to the core.
  2) Execute the command 'Refresh Input and Output Values from VIO Core', to update the hw_probe properties with the core values.
  3) First restore initial values in the core with the command 'Reset VIO Core Outputs', and then execute the command 'Refresh Input and Output Values from VIO Core'.
run_hw_ila [get_hw_ilas -of_objects [get_hw_devices xc7z010_1] -filter {CELL_NAME=~"design_1_i/ila_1"}]
INFO: [Labtools 27-1964] The ILA core 'hw_ila_2' trigger was armed at 2024-Oct-11 22:23:23
set_property OUTPUT_VALUE 0 [get_hw_probes design_1_i/vio_0_probe_out1 -of_objects [get_hw_vios -of_objects [get_hw_devices xc7z010_1] -filter {CELL_NAME=~"design_1_i/vio_0"}]]
commit_hw_vio [get_hw_probes {design_1_i/vio_0_probe_out1} -of_objects [get_hw_vios -of_objects [get_hw_devices xc7z010_1] -filter {CELL_NAME=~"design_1_i/vio_0"}]]
set_property OUTPUT_VALUE 1 [get_hw_probes design_1_i/vio_0_probe_out1 -of_objects [get_hw_vios -of_objects [get_hw_devices xc7z010_1] -filter {CELL_NAME=~"design_1_i/vio_0"}]]
commit_hw_vio [get_hw_probes {design_1_i/vio_0_probe_out1} -of_objects [get_hw_vios -of_objects [get_hw_devices xc7z010_1] -filter {CELL_NAME=~"design_1_i/vio_0"}]]
run_hw_ila [get_hw_ilas -of_objects [get_hw_devices xc7z010_1] -filter {CELL_NAME=~"design_1_i/ila_0"}]
INFO: [Labtools 27-1964] The ILA core 'hw_ila_1' trigger was armed at 2024-Oct-11 22:26:09
set_property OUTPUT_VALUE 0 [get_hw_probes design_1_i/vio_0_probe_out1 -of_objects [get_hw_vios -of_objects [get_hw_devices xc7z010_1] -filter {CELL_NAME=~"design_1_i/vio_0"}]]
commit_hw_vio [get_hw_probes {design_1_i/vio_0_probe_out1} -of_objects [get_hw_vios -of_objects [get_hw_devices xc7z010_1] -filter {CELL_NAME=~"design_1_i/vio_0"}]]
set_property OUTPUT_VALUE 1 [get_hw_probes design_1_i/vio_0_probe_out1 -of_objects [get_hw_vios -of_objects [get_hw_devices xc7z010_1] -filter {CELL_NAME=~"design_1_i/vio_0"}]]
commit_hw_vio [get_hw_probes {design_1_i/vio_0_probe_out1} -of_objects [get_hw_vios -of_objects [get_hw_devices xc7z010_1] -filter {CELL_NAME=~"design_1_i/vio_0"}]]
wait_on_hw_ila [get_hw_ilas -of_objects [get_hw_devices xc7z010_1] -filter {CELL_NAME=~"design_1_i/ila_0"}]
display_hw_ila_data [upload_hw_ila_data [get_hw_ilas -of_objects [get_hw_devices xc7z010_1] -filter {CELL_NAME=~"design_1_i/ila_0"}]]
INFO: [Labtools 27-1966] The ILA core 'hw_ila_1' triggered at 2024-Oct-11 22:26:15
INFO: [Labtools 27-3304] ILA Waveform data saved to file C:/Users/Diego/Desktop/Proyecto-1-SEP/conectar_proyecto/conectar_proyecto.hw/backup/hw_ila_data_1.ila. Use Tcl command 'read_hw_ila_data' or Vivado File->Import->Import ILA Data menu item to import the previously saved data.
open_bd_design {C:/Users/Diego/Desktop/Proyecto-1-SEP/conectar_proyecto/conectar_proyecto.srcs/sources_1/bd/design_1/design_1.bd}
delete_bd_objs [get_bd_intf_nets axi_smc_M00_AXI]
set_property location {2 472 690} [get_bd_cells ila_1]
connect_bd_intf_net [get_bd_intf_pins ila_1/SLOT_0_AXI] [get_bd_intf_pins axi_traffic_gen_1/M_AXI_LITE_CH1]
save_bd_design
Wrote  : <C:\Users\Diego\Desktop\Proyecto-1-SEP\conectar_proyecto\conectar_proyecto.srcs\sources_1\bd\design_1\design_1.bd> 
Wrote  : <C:/Users/Diego/Desktop/Proyecto-1-SEP/conectar_proyecto/conectar_proyecto.srcs/sources_1/bd/design_1/ui/bd_1f5defd0.ui> 
reset_run synth_1
WARNING: [Vivado 12-1017] Problems encountered:
1. Failed to delete one or more files in run directory C:/Users/Diego/Desktop/Proyecto-1-SEP/conectar_proyecto/conectar_proyecto.runs/synth_1

launch_runs impl_1 -to_step write_bitstream -jobs 8
ERROR: [BD 41-1811] The interconnect </axi_smc> is missing a valid master Interface connection
ERROR: [BD 41-1031] Hdl Generation failed for the IP Integrator design C:/Users/Diego/Desktop/Proyecto-1-SEP/conectar_proyecto/conectar_proyecto.srcs/sources_1/bd/design_1/design_1.bd 
ERROR: [Vivado 12-4756] Launch of runs aborted due to earlier errors while preparing sub-designs for run execution.
connect_bd_intf_net [get_bd_intf_pins axi_smc/M00_AXI] [get_bd_intf_pins RAM_AXI_FULL_0/S00_AXI]
save_bd_design
Wrote  : <C:\Users\Diego\Desktop\Proyecto-1-SEP\conectar_proyecto\conectar_proyecto.srcs\sources_1\bd\design_1\design_1.bd> 
Wrote  : <C:/Users/Diego/Desktop/Proyecto-1-SEP/conectar_proyecto/conectar_proyecto.srcs/sources_1/bd/design_1/ui/bd_1f5defd0.ui> 
launch_runs impl_1 -to_step write_bitstream -jobs 8
INFO: [Ipptcl 7-1463] No Compatible Board Interface found. Board Tab not created in customize GUI
INFO: [Ipptcl 7-1463] No Compatible Board Interface found. Board Tab not created in customize GUI
Wrote  : <C:\Users\Diego\Desktop\Proyecto-1-SEP\conectar_proyecto\conectar_proyecto.srcs\sources_1\bd\design_1\design_1.bd> 
VHDL Output written to : C:/Users/Diego/Desktop/Proyecto-1-SEP/conectar_proyecto/conectar_proyecto.srcs/sources_1/bd/design_1/synth/design_1.vhd
VHDL Output written to : C:/Users/Diego/Desktop/Proyecto-1-SEP/conectar_proyecto/conectar_proyecto.srcs/sources_1/bd/design_1/sim/design_1.vhd
VHDL Output written to : C:/Users/Diego/Desktop/Proyecto-1-SEP/conectar_proyecto/conectar_proyecto.srcs/sources_1/bd/design_1/hdl/design_1_wrapper.vhd
INFO: [BD 41-1029] Generation completed for the IP Integrator block axi_traffic_gen_1 .
Exporting to file c:/Users/Diego/Desktop/Proyecto-1-SEP/conectar_proyecto/conectar_proyecto.srcs/sources_1/bd/design_1/ip/design_1_smartconnect_0_0/bd_0/hw_handoff/design_1_smartconnect_0_0.hwh
Generated Block Design Tcl file c:/Users/Diego/Desktop/Proyecto-1-SEP/conectar_proyecto/conectar_proyecto.srcs/sources_1/bd/design_1/ip/design_1_smartconnect_0_0/bd_0/hw_handoff/design_1_smartconnect_0_0_bd.tcl
Generated Hardware Definition File c:/Users/Diego/Desktop/Proyecto-1-SEP/conectar_proyecto/conectar_proyecto.srcs/sources_1/bd/design_1/ip/design_1_smartconnect_0_0/bd_0/synth/design_1_smartconnect_0_0.hwdef
INFO: [BD 41-1029] Generation completed for the IP Integrator block smartconnect_0 .
WARNING: [IP_Flow 19-4994] Overwriting existing constraint file 'c:/Users/Diego/Desktop/Proyecto-1-SEP/conectar_proyecto/conectar_proyecto.srcs/sources_1/bd/design_1/ip/design_1_ila_1_0/design_1_ila_1_0_ooc.xdc'
INFO: [BD 41-1029] Generation completed for the IP Integrator block ila_1 .
Exporting to file c:/Users/Diego/Desktop/Proyecto-1-SEP/conectar_proyecto/conectar_proyecto.srcs/sources_1/bd/design_1/ip/design_1_axi_smc_0/bd_0/hw_handoff/design_1_axi_smc_0.hwh
Generated Block Design Tcl file c:/Users/Diego/Desktop/Proyecto-1-SEP/conectar_proyecto/conectar_proyecto.srcs/sources_1/bd/design_1/ip/design_1_axi_smc_0/bd_0/hw_handoff/design_1_axi_smc_0_bd.tcl
Generated Hardware Definition File c:/Users/Diego/Desktop/Proyecto-1-SEP/conectar_proyecto/conectar_proyecto.srcs/sources_1/bd/design_1/ip/design_1_axi_smc_0/bd_0/synth/design_1_axi_smc_0.hwdef
INFO: [BD 41-1029] Generation completed for the IP Integrator block axi_smc .
Exporting to file C:/Users/Diego/Desktop/Proyecto-1-SEP/conectar_proyecto/conectar_proyecto.srcs/sources_1/bd/design_1/hw_handoff/design_1.hwh
Generated Block Design Tcl file C:/Users/Diego/Desktop/Proyecto-1-SEP/conectar_proyecto/conectar_proyecto.srcs/sources_1/bd/design_1/hw_handoff/design_1_bd.tcl
Generated Hardware Definition File C:/Users/Diego/Desktop/Proyecto-1-SEP/conectar_proyecto/conectar_proyecto.srcs/sources_1/bd/design_1/synth/design_1.hwdef
INFO: [IP_Flow 19-4993] Using cached IP synthesis design for IP design_1_axi_smc_0, cache-ID = 2e6bfa03c8812875; cache size = 92.699 MB.
INFO: [IP_Flow 19-4993] Using cached IP synthesis design for IP design_1_smartconnect_0_0, cache-ID = 621d8cb65f3ce8f7; cache size = 92.699 MB.
[Fri Oct 11 22:29:11 2024] Launched design_1_ila_1_0_synth_1, design_1_axi_traffic_gen_1_0_synth_1, synth_1...
Run output will be captured here:
design_1_ila_1_0_synth_1: C:/Users/Diego/Desktop/Proyecto-1-SEP/conectar_proyecto/conectar_proyecto.runs/design_1_ila_1_0_synth_1/runme.log
design_1_axi_traffic_gen_1_0_synth_1: C:/Users/Diego/Desktop/Proyecto-1-SEP/conectar_proyecto/conectar_proyecto.runs/design_1_axi_traffic_gen_1_0_synth_1/runme.log
synth_1: C:/Users/Diego/Desktop/Proyecto-1-SEP/conectar_proyecto/conectar_proyecto.runs/synth_1/runme.log
[Fri Oct 11 22:29:11 2024] Launched impl_1...
Run output will be captured here: C:/Users/Diego/Desktop/Proyecto-1-SEP/conectar_proyecto/conectar_proyecto.runs/impl_1/runme.log
launch_runs: Time (s): cpu = 00:00:16 ; elapsed = 00:00:20 . Memory (MB): peak = 4101.438 ; gain = 35.383
report_ip_status -name ip_status 
set_property PROBES.FILE {C:/Users/Diego/Desktop/Proyecto-1-SEP/conectar_proyecto/conectar_proyecto.runs/impl_1/design_1_wrapper.ltx} [get_hw_devices xc7z010_1]
set_property FULL_PROBES.FILE {C:/Users/Diego/Desktop/Proyecto-1-SEP/conectar_proyecto/conectar_proyecto.runs/impl_1/design_1_wrapper.ltx} [get_hw_devices xc7z010_1]
set_property PROGRAM.FILE {C:/Users/Diego/Desktop/Proyecto-1-SEP/conectar_proyecto/conectar_proyecto.runs/impl_1/design_1_wrapper.bit} [get_hw_devices xc7z010_1]
program_hw_devices [get_hw_devices xc7z010_1]
INFO: [Labtools 27-3164] End of startup status: HIGH
refresh_hw_device [lindex [get_hw_devices xc7z010_1] 0]
INFO: [Labtools 27-2302] Device xc7z010 (JTAG device index = 1) is programmed with a design that has 2 ILA core(s).
INFO: [Labtools 27-2302] Device xc7z010 (JTAG device index = 1) is programmed with a design that has 1 VIO core(s).
WARNING: [Labtools 27-1952] VIO hw_probe OUTPUT_VALUE properties for hw_vio(s) [hw_vio_1] differ from output values in the VIO core(s).
Resolution: 
To synchronize the hw_probes properties and the VIO core outputs choose one of the following alternatives:
  1) Execute the command 'Commit Output Values to VIO Core', to write down the hw_probe values to the core.
  2) Execute the command 'Refresh Input and Output Values from VIO Core', to update the hw_probe properties with the core values.
  3) First restore initial values in the core with the command 'Reset VIO Core Outputs', and then execute the command 'Refresh Input and Output Values from VIO Core'.
add_wave -into {hw_ila_data_2.wcfg} -radix hex { {design_1_i/axi_traffic_gen_1_M_AXI_LITE_CH1_ARADDR} {design_1_i/axi_traffic_gen_1_M_AXI_LITE_CH1_ARREADY} {design_1_i/axi_traffic_gen_1_M_AXI_LITE_CH1_ARVALID} {design_1_i/axi_traffic_gen_1_M_AXI_LITE_CH1_AWADDR} {design_1_i/axi_traffic_gen_1_M_AXI_LITE_CH1_AWPROT} {design_1_i/axi_traffic_gen_1_M_AXI_LITE_CH1_AWREADY} {design_1_i/axi_traffic_gen_1_M_AXI_LITE_CH1_AWVALID} {design_1_i/axi_traffic_gen_1_M_AXI_LITE_CH1_BREADY} {design_1_i/axi_traffic_gen_1_M_AXI_LITE_CH1_BRESP} {design_1_i/axi_traffic_gen_1_M_AXI_LITE_CH1_BVALID} {design_1_i/axi_traffic_gen_1_M_AXI_LITE_CH1_RDATA} {design_1_i/axi_traffic_gen_1_M_AXI_LITE_CH1_RREADY} {design_1_i/axi_traffic_gen_1_M_AXI_LITE_CH1_RRESP} {design_1_i/axi_traffic_gen_1_M_AXI_LITE_CH1_RVALID} {design_1_i/axi_traffic_gen_1_M_AXI_LITE_CH1_WDATA} {design_1_i/axi_traffic_gen_1_M_AXI_LITE_CH1_WREADY} {design_1_i/axi_traffic_gen_1_M_AXI_LITE_CH1_WSTRB} {design_1_i/axi_traffic_gen_1_M_AXI_LITE_CH1_WVALID} {design_1_i/probe17} }
run_hw_ila [get_hw_ilas -of_objects [get_hw_devices xc7z010_1] -filter {CELL_NAME=~"design_1_i/ila_1"}]
INFO: [Labtools 27-1964] The ILA core 'hw_ila_2' trigger was armed at 2024-Oct-11 22:34:17
wait_on_hw_ila [get_hw_ilas -of_objects [get_hw_devices xc7z010_1] -filter {CELL_NAME=~"design_1_i/ila_1"}]
display_hw_ila_data [upload_hw_ila_data [get_hw_ilas -of_objects [get_hw_devices xc7z010_1] -filter {CELL_NAME=~"design_1_i/ila_1"}]]
INFO: [Labtools 27-1966] The ILA core 'hw_ila_2' triggered at 2024-Oct-11 22:34:17
INFO: [Labtools 27-3304] ILA Waveform data saved to file C:/Users/Diego/Desktop/Proyecto-1-SEP/conectar_proyecto/conectar_proyecto.hw/backup/hw_ila_data_2.ila. Use Tcl command 'read_hw_ila_data' or Vivado File->Import->Import ILA Data menu item to import the previously saved data.
run_hw_ila [get_hw_ilas -of_objects [get_hw_devices xc7z010_1] -filter {CELL_NAME=~"design_1_i/ila_1"}]
INFO: [Labtools 27-1964] The ILA core 'hw_ila_2' trigger was armed at 2024-Oct-11 22:34:20
wait_on_hw_ila [get_hw_ilas -of_objects [get_hw_devices xc7z010_1] -filter {CELL_NAME=~"design_1_i/ila_1"}]
display_hw_ila_data [upload_hw_ila_data [get_hw_ilas -of_objects [get_hw_devices xc7z010_1] -filter {CELL_NAME=~"design_1_i/ila_1"}]]
INFO: [Labtools 27-1966] The ILA core 'hw_ila_2' triggered at 2024-Oct-11 22:34:20
INFO: [Labtools 27-3304] ILA Waveform data saved to file C:/Users/Diego/Desktop/Proyecto-1-SEP/conectar_proyecto/conectar_proyecto.hw/backup/hw_ila_data_2.ila. Use Tcl command 'read_hw_ila_data' or Vivado File->Import->Import ILA Data menu item to import the previously saved data.
run_hw_ila [get_hw_ilas -of_objects [get_hw_devices xc7z010_1] -filter {CELL_NAME=~"design_1_i/ila_1"}]
INFO: [Labtools 27-1964] The ILA core 'hw_ila_2' trigger was armed at 2024-Oct-11 22:34:24
wait_on_hw_ila [get_hw_ilas -of_objects [get_hw_devices xc7z010_1] -filter {CELL_NAME=~"design_1_i/ila_1"}]
display_hw_ila_data [upload_hw_ila_data [get_hw_ilas -of_objects [get_hw_devices xc7z010_1] -filter {CELL_NAME=~"design_1_i/ila_1"}]]
INFO: [Labtools 27-1966] The ILA core 'hw_ila_2' triggered at 2024-Oct-11 22:34:24
INFO: [Labtools 27-3304] ILA Waveform data saved to file C:/Users/Diego/Desktop/Proyecto-1-SEP/conectar_proyecto/conectar_proyecto.hw/backup/hw_ila_data_2.ila. Use Tcl command 'read_hw_ila_data' or Vivado File->Import->Import ILA Data menu item to import the previously saved data.
run_hw_ila [get_hw_ilas -of_objects [get_hw_devices xc7z010_1] -filter {CELL_NAME=~"design_1_i/ila_1"}]
INFO: [Labtools 27-1964] The ILA core 'hw_ila_2' trigger was armed at 2024-Oct-11 22:34:27
wait_on_hw_ila [get_hw_ilas -of_objects [get_hw_devices xc7z010_1] -filter {CELL_NAME=~"design_1_i/ila_1"}]
display_hw_ila_data [upload_hw_ila_data [get_hw_ilas -of_objects [get_hw_devices xc7z010_1] -filter {CELL_NAME=~"design_1_i/ila_1"}]]
INFO: [Labtools 27-1966] The ILA core 'hw_ila_2' triggered at 2024-Oct-11 22:34:27
INFO: [Labtools 27-3304] ILA Waveform data saved to file C:/Users/Diego/Desktop/Proyecto-1-SEP/conectar_proyecto/conectar_proyecto.hw/backup/hw_ila_data_2.ila. Use Tcl command 'read_hw_ila_data' or Vivado File->Import->Import ILA Data menu item to import the previously saved data.
run_hw_ila [get_hw_ilas -of_objects [get_hw_devices xc7z010_1] -filter {CELL_NAME=~"design_1_i/ila_1"}]
INFO: [Labtools 27-1964] The ILA core 'hw_ila_2' trigger was armed at 2024-Oct-11 22:34:31
wait_on_hw_ila [get_hw_ilas -of_objects [get_hw_devices xc7z010_1] -filter {CELL_NAME=~"design_1_i/ila_1"}]
display_hw_ila_data [upload_hw_ila_data [get_hw_ilas -of_objects [get_hw_devices xc7z010_1] -filter {CELL_NAME=~"design_1_i/ila_1"}]]
INFO: [Labtools 27-1966] The ILA core 'hw_ila_2' triggered at 2024-Oct-11 22:34:31
INFO: [Labtools 27-3304] ILA Waveform data saved to file C:/Users/Diego/Desktop/Proyecto-1-SEP/conectar_proyecto/conectar_proyecto.hw/backup/hw_ila_data_2.ila. Use Tcl command 'read_hw_ila_data' or Vivado File->Import->Import ILA Data menu item to import the previously saved data.
run_hw_ila [get_hw_ilas -of_objects [get_hw_devices xc7z010_1] -filter {CELL_NAME=~"design_1_i/ila_1"}]
INFO: [Labtools 27-1964] The ILA core 'hw_ila_2' trigger was armed at 2024-Oct-11 22:34:34
wait_on_hw_ila [get_hw_ilas -of_objects [get_hw_devices xc7z010_1] -filter {CELL_NAME=~"design_1_i/ila_1"}]
display_hw_ila_data [upload_hw_ila_data [get_hw_ilas -of_objects [get_hw_devices xc7z010_1] -filter {CELL_NAME=~"design_1_i/ila_1"}]]
INFO: [Labtools 27-1966] The ILA core 'hw_ila_2' triggered at 2024-Oct-11 22:34:34
INFO: [Labtools 27-3304] ILA Waveform data saved to file C:/Users/Diego/Desktop/Proyecto-1-SEP/conectar_proyecto/conectar_proyecto.hw/backup/hw_ila_data_2.ila. Use Tcl command 'read_hw_ila_data' or Vivado File->Import->Import ILA Data menu item to import the previously saved data.
run_hw_ila [get_hw_ilas -of_objects [get_hw_devices xc7z010_1] -filter {CELL_NAME=~"design_1_i/ila_1"}]
INFO: [Labtools 27-1964] The ILA core 'hw_ila_2' trigger was armed at 2024-Oct-11 22:34:37
wait_on_hw_ila [get_hw_ilas -of_objects [get_hw_devices xc7z010_1] -filter {CELL_NAME=~"design_1_i/ila_1"}]
display_hw_ila_data [upload_hw_ila_data [get_hw_ilas -of_objects [get_hw_devices xc7z010_1] -filter {CELL_NAME=~"design_1_i/ila_1"}]]
INFO: [Labtools 27-1966] The ILA core 'hw_ila_2' triggered at 2024-Oct-11 22:34:37
INFO: [Labtools 27-3304] ILA Waveform data saved to file C:/Users/Diego/Desktop/Proyecto-1-SEP/conectar_proyecto/conectar_proyecto.hw/backup/hw_ila_data_2.ila. Use Tcl command 'read_hw_ila_data' or Vivado File->Import->Import ILA Data menu item to import the previously saved data.
set_property TRIGGER_COMPARE_VALUE eq1'b1 [get_hw_probes design_1_i/axi_traffic_gen_1_M_AXI_LITE_CH1_AWVALID -of_objects [get_hw_ilas -of_objects [get_hw_devices xc7z010_1] -filter {CELL_NAME=~"design_1_i/ila_1"}]]
run_hw_ila [get_hw_ilas -of_objects [get_hw_devices xc7z010_1] -filter {CELL_NAME=~"design_1_i/ila_1"}]
INFO: [Labtools 27-1964] The ILA core 'hw_ila_2' trigger was armed at 2024-Oct-11 22:34:41
wait_on_hw_ila [get_hw_ilas -of_objects [get_hw_devices xc7z010_1] -filter {CELL_NAME=~"design_1_i/ila_1"}]
display_hw_ila_data [upload_hw_ila_data [get_hw_ilas -of_objects [get_hw_devices xc7z010_1] -filter {CELL_NAME=~"design_1_i/ila_1"}]]
INFO: [Labtools 27-1966] The ILA core 'hw_ila_2' triggered at 2024-Oct-11 22:35:02
INFO: [Labtools 27-3304] ILA Waveform data saved to file C:/Users/Diego/Desktop/Proyecto-1-SEP/conectar_proyecto/conectar_proyecto.hw/backup/hw_ila_data_2.ila. Use Tcl command 'read_hw_ila_data' or Vivado File->Import->Import ILA Data menu item to import the previously saved data.
run_hw_ila [get_hw_ilas -of_objects [get_hw_devices xc7z010_1] -filter {CELL_NAME=~"design_1_i/ila_1"}]
INFO: [Labtools 27-1964] The ILA core 'hw_ila_2' trigger was armed at 2024-Oct-11 22:35:05
open_bd_design {C:/Users/Diego/Desktop/Proyecto-1-SEP/conectar_proyecto/conectar_proyecto.srcs/sources_1/bd/design_1/design_1.bd}
regenerate_bd_layout
startgroup
create_bd_cell -type ip -vlnv xilinx.com:ip:ila:6.2 ila_2
INFO: [xilinx.com:ip:ila:6.2-6] /ila_2: Xilinx recommends using the System ILA IP in IP Integrator. The System ILA IP is functionally equivalent to an ILA and offers additional benefits in debugging interfaces both within IP Integrator and the Hardware Manager. Consult the Programming and Debug User Guide UG908 for further details.
endgroup
set_property location {5 1091 824} [get_bd_cells ila_2]
set_property location {5 1431 864} [get_bd_cells ila_2]
connect_bd_intf_net [get_bd_intf_pins ila_2/SLOT_0_AXI] [get_bd_intf_pins axi_smc/M00_AXI]
connect_bd_net [get_bd_ports clk] [get_bd_pins ila_2/clk]
save_bd_design
Wrote  : <C:\Users\Diego\Desktop\Proyecto-1-SEP\conectar_proyecto\conectar_proyecto.srcs\sources_1\bd\design_1\design_1.bd> 
Wrote  : <C:/Users/Diego/Desktop/Proyecto-1-SEP/conectar_proyecto/conectar_proyecto.srcs/sources_1/bd/design_1/ui/bd_1f5defd0.ui> 
reset_run synth_1
WARNING: [Vivado 12-1017] Problems encountered:
1. Failed to delete one or more files in run directory C:/Users/Diego/Desktop/Proyecto-1-SEP/conectar_proyecto/conectar_proyecto.runs/synth_1

launch_runs impl_1 -to_step write_bitstream -jobs 8
INFO: [Ipptcl 7-1463] No Compatible Board Interface found. Board Tab not created in customize GUI
INFO: [Ipptcl 7-1463] No Compatible Board Interface found. Board Tab not created in customize GUI
WARNING: [BD 41-237] Bus Interface property WUSER_WIDTH does not match between /ila_2/SLOT_0_AXI(1) and /axi_smc/M00_AXI(0)
WARNING: [BD 41-237] Bus Interface property RUSER_WIDTH does not match between /ila_2/SLOT_0_AXI(1) and /axi_smc/M00_AXI(0)
WARNING: [BD 41-237] Bus Interface property BUSER_WIDTH does not match between /ila_2/SLOT_0_AXI(1) and /axi_smc/M00_AXI(0)
Wrote  : <C:\Users\Diego\Desktop\Proyecto-1-SEP\conectar_proyecto\conectar_proyecto.srcs\sources_1\bd\design_1\design_1.bd> 
Wrote  : <C:/Users/Diego/Desktop/Proyecto-1-SEP/conectar_proyecto/conectar_proyecto.srcs/sources_1/bd/design_1/ui/bd_1f5defd0.ui> 
VHDL Output written to : C:/Users/Diego/Desktop/Proyecto-1-SEP/conectar_proyecto/conectar_proyecto.srcs/sources_1/bd/design_1/synth/design_1.vhd
VHDL Output written to : C:/Users/Diego/Desktop/Proyecto-1-SEP/conectar_proyecto/conectar_proyecto.srcs/sources_1/bd/design_1/sim/design_1.vhd
VHDL Output written to : C:/Users/Diego/Desktop/Proyecto-1-SEP/conectar_proyecto/conectar_proyecto.srcs/sources_1/bd/design_1/hdl/design_1_wrapper.vhd
Exporting to file c:/Users/Diego/Desktop/Proyecto-1-SEP/conectar_proyecto/conectar_proyecto.srcs/sources_1/bd/design_1/ip/design_1_smartconnect_0_0/bd_0/hw_handoff/design_1_smartconnect_0_0.hwh
Generated Block Design Tcl file c:/Users/Diego/Desktop/Proyecto-1-SEP/conectar_proyecto/conectar_proyecto.srcs/sources_1/bd/design_1/ip/design_1_smartconnect_0_0/bd_0/hw_handoff/design_1_smartconnect_0_0_bd.tcl
Generated Hardware Definition File c:/Users/Diego/Desktop/Proyecto-1-SEP/conectar_proyecto/conectar_proyecto.srcs/sources_1/bd/design_1/ip/design_1_smartconnect_0_0/bd_0/synth/design_1_smartconnect_0_0.hwdef
INFO: [BD 41-1029] Generation completed for the IP Integrator block smartconnect_0 .
Exporting to file c:/Users/Diego/Desktop/Proyecto-1-SEP/conectar_proyecto/conectar_proyecto.srcs/sources_1/bd/design_1/ip/design_1_axi_smc_0/bd_0/hw_handoff/design_1_axi_smc_0.hwh
Generated Block Design Tcl file c:/Users/Diego/Desktop/Proyecto-1-SEP/conectar_proyecto/conectar_proyecto.srcs/sources_1/bd/design_1/ip/design_1_axi_smc_0/bd_0/hw_handoff/design_1_axi_smc_0_bd.tcl
Generated Hardware Definition File c:/Users/Diego/Desktop/Proyecto-1-SEP/conectar_proyecto/conectar_proyecto.srcs/sources_1/bd/design_1/ip/design_1_axi_smc_0/bd_0/synth/design_1_axi_smc_0.hwdef
INFO: [BD 41-1029] Generation completed for the IP Integrator block axi_smc .
WARNING: [IP_Flow 19-4994] Overwriting existing constraint file 'c:/Users/Diego/Desktop/Proyecto-1-SEP/conectar_proyecto/conectar_proyecto.srcs/sources_1/bd/design_1/ip/design_1_ila_2_0/design_1_ila_2_0_ooc.xdc'
INFO: [BD 41-1029] Generation completed for the IP Integrator block ila_2 .
Exporting to file C:/Users/Diego/Desktop/Proyecto-1-SEP/conectar_proyecto/conectar_proyecto.srcs/sources_1/bd/design_1/hw_handoff/design_1.hwh
Generated Block Design Tcl file C:/Users/Diego/Desktop/Proyecto-1-SEP/conectar_proyecto/conectar_proyecto.srcs/sources_1/bd/design_1/hw_handoff/design_1_bd.tcl
Generated Hardware Definition File C:/Users/Diego/Desktop/Proyecto-1-SEP/conectar_proyecto/conectar_proyecto.srcs/sources_1/bd/design_1/synth/design_1.hwdef
INFO: [IP_Flow 19-4993] Using cached IP synthesis design for IP design_1_axi_smc_0, cache-ID = 2e6bfa03c8812875; cache size = 102.738 MB.
INFO: [IP_Flow 19-4993] Using cached IP synthesis design for IP design_1_ila_2_0, cache-ID = 0b089ee94f709142; cache size = 102.738 MB.
INFO: [IP_Flow 19-4993] Using cached IP synthesis design for IP design_1_smartconnect_0_0, cache-ID = 621d8cb65f3ce8f7; cache size = 102.738 MB.
[Fri Oct 11 22:38:35 2024] Launched synth_1...
Run output will be captured here: C:/Users/Diego/Desktop/Proyecto-1-SEP/conectar_proyecto/conectar_proyecto.runs/synth_1/runme.log
[Fri Oct 11 22:38:35 2024] Launched impl_1...
Run output will be captured here: C:/Users/Diego/Desktop/Proyecto-1-SEP/conectar_proyecto/conectar_proyecto.runs/impl_1/runme.log
launch_runs: Time (s): cpu = 00:00:20 ; elapsed = 00:00:23 . Memory (MB): peak = 4182.984 ; gain = 0.000
open_bd_design {C:/Users/Diego/Desktop/Proyecto-1-SEP/conectar_proyecto/conectar_proyecto.srcs/sources_1/bd/design_1/design_1.bd}
add_wave -into {hw_ila_data_1.wcfg} -radix hex { {design_1_i/RAM_AXI_FULL_0_test1} }
add_wave -into {hw_ila_data_1.wcfg} -radix hex { {design_1_i/RAM_AXI_FULL_0_test2} }
add_wave -into {hw_ila_data_1.wcfg} -radix hex { {design_1_i/RAM_AXI_FULL_0_test3} }
add_wave -into {hw_ila_data_1.wcfg} -radix hex { {design_1_i/RAM_AXI_FULL_0_test4} }
run_hw_ila [get_hw_ilas -of_objects [get_hw_devices xc7z010_1] -filter {CELL_NAME=~"design_1_i/ila_0"}]
INFO: [Labtools 27-1964] The ILA core 'hw_ila_1' trigger was armed at 2024-Oct-11 22:42:42
set_property OUTPUT_VALUE 0 [get_hw_probes design_1_i/vio_0_probe_out1 -of_objects [get_hw_vios -of_objects [get_hw_devices xc7z010_1] -filter {CELL_NAME=~"design_1_i/vio_0"}]]
commit_hw_vio [get_hw_probes {design_1_i/vio_0_probe_out1} -of_objects [get_hw_vios -of_objects [get_hw_devices xc7z010_1] -filter {CELL_NAME=~"design_1_i/vio_0"}]]
set_property OUTPUT_VALUE 1 [get_hw_probes design_1_i/vio_0_probe_out1 -of_objects [get_hw_vios -of_objects [get_hw_devices xc7z010_1] -filter {CELL_NAME=~"design_1_i/vio_0"}]]
commit_hw_vio [get_hw_probes {design_1_i/vio_0_probe_out1} -of_objects [get_hw_vios -of_objects [get_hw_devices xc7z010_1] -filter {CELL_NAME=~"design_1_i/vio_0"}]]
wait_on_hw_ila [get_hw_ilas -of_objects [get_hw_devices xc7z010_1] -filter {CELL_NAME=~"design_1_i/ila_0"}]
display_hw_ila_data [upload_hw_ila_data [get_hw_ilas -of_objects [get_hw_devices xc7z010_1] -filter {CELL_NAME=~"design_1_i/ila_0"}]]
INFO: [Labtools 27-1966] The ILA core 'hw_ila_1' triggered at 2024-Oct-11 22:42:47
INFO: [Labtools 27-3304] ILA Waveform data saved to file C:/Users/Diego/Desktop/Proyecto-1-SEP/conectar_proyecto/conectar_proyecto.hw/backup/hw_ila_data_1.ila. Use Tcl command 'read_hw_ila_data' or Vivado File->Import->Import ILA Data menu item to import the previously saved data.
set_property PROBES.FILE {C:/Users/Diego/Desktop/Proyecto-1-SEP/conectar_proyecto/conectar_proyecto.runs/impl_1/design_1_wrapper.ltx} [get_hw_devices xc7z010_1]
set_property FULL_PROBES.FILE {C:/Users/Diego/Desktop/Proyecto-1-SEP/conectar_proyecto/conectar_proyecto.runs/impl_1/design_1_wrapper.ltx} [get_hw_devices xc7z010_1]
set_property PROGRAM.FILE {C:/Users/Diego/Desktop/Proyecto-1-SEP/conectar_proyecto/conectar_proyecto.runs/impl_1/design_1_wrapper.bit} [get_hw_devices xc7z010_1]
program_hw_devices [get_hw_devices xc7z010_1]
INFO: [Labtools 27-3164] End of startup status: HIGH
refresh_hw_device [lindex [get_hw_devices xc7z010_1] 0]
INFO: [Labtools 27-2302] Device xc7z010 (JTAG device index = 1) is programmed with a design that has 3 ILA core(s).
INFO: [Labtools 27-2302] Device xc7z010 (JTAG device index = 1) is programmed with a design that has 1 VIO core(s).
WARNING: [Labtools 27-1952] VIO hw_probe OUTPUT_VALUE properties for hw_vio(s) [hw_vio_1] differ from output values in the VIO core(s).
Resolution: 
To synchronize the hw_probes properties and the VIO core outputs choose one of the following alternatives:
  1) Execute the command 'Commit Output Values to VIO Core', to write down the hw_probe values to the core.
  2) Execute the command 'Refresh Input and Output Values from VIO Core', to update the hw_probe properties with the core values.
  3) First restore initial values in the core with the command 'Reset VIO Core Outputs', and then execute the command 'Refresh Input and Output Values from VIO Core'.
refresh_hw_device: Time (s): cpu = 00:00:08 ; elapsed = 00:00:07 . Memory (MB): peak = 4182.984 ; gain = 0.000
display_hw_ila_data [ get_hw_ila_data hw_ila_data_3 -of_objects [get_hw_ilas -of_objects [get_hw_devices xc7z010_1] -filter {CELL_NAME=~"design_1_i/ila_2"}]]
run_hw_ila [get_hw_ilas -of_objects [get_hw_devices xc7z010_1] -filter {CELL_NAME=~"design_1_i/ila_0"}]
INFO: [Labtools 27-1964] The ILA core 'hw_ila_1' trigger was armed at 2024-Oct-11 22:43:38
set_property OUTPUT_VALUE 0 [get_hw_probes design_1_i/vio_0_probe_out1 -of_objects [get_hw_vios -of_objects [get_hw_devices xc7z010_1] -filter {CELL_NAME=~"design_1_i/vio_0"}]]
commit_hw_vio [get_hw_probes {design_1_i/vio_0_probe_out1} -of_objects [get_hw_vios -of_objects [get_hw_devices xc7z010_1] -filter {CELL_NAME=~"design_1_i/vio_0"}]]
set_property OUTPUT_VALUE 1 [get_hw_probes design_1_i/vio_0_probe_out1 -of_objects [get_hw_vios -of_objects [get_hw_devices xc7z010_1] -filter {CELL_NAME=~"design_1_i/vio_0"}]]
commit_hw_vio [get_hw_probes {design_1_i/vio_0_probe_out1} -of_objects [get_hw_vios -of_objects [get_hw_devices xc7z010_1] -filter {CELL_NAME=~"design_1_i/vio_0"}]]
wait_on_hw_ila [get_hw_ilas -of_objects [get_hw_devices xc7z010_1] -filter {CELL_NAME=~"design_1_i/ila_0"}]
display_hw_ila_data [upload_hw_ila_data [get_hw_ilas -of_objects [get_hw_devices xc7z010_1] -filter {CELL_NAME=~"design_1_i/ila_0"}]]
INFO: [Labtools 27-1966] The ILA core 'hw_ila_1' triggered at 2024-Oct-11 22:43:42
INFO: [Labtools 27-3304] ILA Waveform data saved to file C:/Users/Diego/Desktop/Proyecto-1-SEP/conectar_proyecto/conectar_proyecto.hw/backup/hw_ila_data_1.ila. Use Tcl command 'read_hw_ila_data' or Vivado File->Import->Import ILA Data menu item to import the previously saved data.
run_hw_ila [get_hw_ilas -of_objects [get_hw_devices xc7z010_1] -filter {CELL_NAME=~"design_1_i/ila_1"}]
INFO: [Labtools 27-1964] The ILA core 'hw_ila_2' trigger was armed at 2024-Oct-11 22:43:48
wait_on_hw_ila [get_hw_ilas -of_objects [get_hw_devices xc7z010_1] -filter {CELL_NAME=~"design_1_i/ila_1"}]
display_hw_ila_data [upload_hw_ila_data [get_hw_ilas -of_objects [get_hw_devices xc7z010_1] -filter {CELL_NAME=~"design_1_i/ila_1"}]]
INFO: [Labtools 27-1966] The ILA core 'hw_ila_2' triggered at 2024-Oct-11 22:43:53
INFO: [Labtools 27-3304] ILA Waveform data saved to file C:/Users/Diego/Desktop/Proyecto-1-SEP/conectar_proyecto/conectar_proyecto.hw/backup/hw_ila_data_2.ila. Use Tcl command 'read_hw_ila_data' or Vivado File->Import->Import ILA Data menu item to import the previously saved data.
run_hw_ila [get_hw_ilas -of_objects [get_hw_devices xc7z010_1] -filter {CELL_NAME=~"design_1_i/ila_1"}]
INFO: [Labtools 27-1964] The ILA core 'hw_ila_2' trigger was armed at 2024-Oct-11 22:43:56
run_hw_ila [get_hw_ilas -of_objects [get_hw_devices xc7z010_1] -filter {CELL_NAME=~"design_1_i/ila_0"}]
INFO: [Labtools 27-1964] The ILA core 'hw_ila_1' trigger was armed at 2024-Oct-11 22:44:03
run_hw_ila [get_hw_ilas -of_objects [get_hw_devices xc7z010_1] -filter {CELL_NAME=~"design_1_i/ila_2"}]
INFO: [Labtools 27-1964] The ILA core 'hw_ila_3' trigger was armed at 2024-Oct-11 22:44:08
set_property TRIGGER_COMPARE_VALUE eq1'bX [get_hw_probes design_1_i/axi_smc_M00_AXI_AWVALID -of_objects [get_hw_ilas -of_objects [get_hw_devices xc7z010_1] -filter {CELL_NAME=~"design_1_i/ila_2"}]]
set_property TRIGGER_COMPARE_VALUE eq1'b1 [get_hw_probes design_1_i/axi_smc_M00_AXI_AWVALID -of_objects [get_hw_ilas -of_objects [get_hw_devices xc7z010_1] -filter {CELL_NAME=~"design_1_i/ila_2"}]]
open_bd_design {C:/Users/Diego/Desktop/Proyecto-1-SEP/conectar_proyecto/conectar_proyecto.srcs/sources_1/bd/design_1/design_1.bd}
ipx::edit_ip_in_project -upgrade true -name ControlUnit_v1_0_project -directory C:/Users/Diego/Desktop/Proyecto-1-SEP/conectar_proyecto/conectar_proyecto.tmp/ControlUnit_v1_0_project c:/Users/Diego/Desktop/Proyecto-1-SEP/maquina_estado/maquina_estado.srcs/sources_1/new/component.xml
INFO: [ProjectBase 1-489] The host OS only allows 260 characters in a normal path. The project is stored in a path with more than 80 characters. If you experience issues with IP, Block Designs, or files not being found, please consider moving the project to a location with a shorter path. Alternately consider using the OS subst command to map part of the path to a drive letter.
Current project path is 'c:/users/diego/desktop/proyecto-1-sep/conectar_proyecto/conectar_proyecto.tmp/controlunit_v1_0_project'
INFO: [IP_Flow 19-234] Refreshing IP repositories
INFO: [IP_Flow 19-1704] No user IP repositories specified
INFO: [IP_Flow 19-2313] Loaded Vivado IP repository 'E:/Programas/xilin/Vivado/2020.1/data/ip'.
INFO: [IP_Flow 19-234] Refreshing IP repositories
WARNING: [IP_Flow 19-3685] Ignored loading user repository 'c:/Users/Diego/Desktop/Proyecto-1-SEP/ip_repo/RAM_AXI_FULL_1.0'. The path is contained within another repository.
INFO: [IP_Flow 19-1700] Loaded user IP repository 'c:/Users/Diego/Desktop/Proyecto-1-SEP'.
INFO: [IP_Flow 19-795] Syncing license key meta-data
update_compile_order -fileset sources_1
current_project conectar_proyecto
ipx::edit_ip_in_project -upgrade true -name sistema_morse_v1_0_project -directory C:/Users/Diego/Desktop/Proyecto-1-SEP/conectar_proyecto/conectar_proyecto.tmp/sistema_morse_v1_0_project c:/Users/Diego/Desktop/Proyecto-1-SEP/proyecto/proyecto.srcs/component.xml
INFO: [ProjectBase 1-489] The host OS only allows 260 characters in a normal path. The project is stored in a path with more than 80 characters. If you experience issues with IP, Block Designs, or files not being found, please consider moving the project to a location with a shorter path. Alternately consider using the OS subst command to map part of the path to a drive letter.
Current project path is 'c:/users/diego/desktop/proyecto-1-sep/conectar_proyecto/conectar_proyecto.tmp/sistema_morse_v1_0_project'
INFO: [IP_Flow 19-234] Refreshing IP repositories
INFO: [IP_Flow 19-1704] No user IP repositories specified
INFO: [IP_Flow 19-2313] Loaded Vivado IP repository 'E:/Programas/xilin/Vivado/2020.1/data/ip'.
INFO: [IP_Flow 19-234] Refreshing IP repositories
WARNING: [IP_Flow 19-3685] Ignored loading user repository 'c:/Users/Diego/Desktop/Proyecto-1-SEP/ip_repo/RAM_AXI_FULL_1.0'. The path is contained within another repository.
INFO: [IP_Flow 19-1700] Loaded user IP repository 'c:/Users/Diego/Desktop/Proyecto-1-SEP'.
INFO: [IP_Flow 19-795] Syncing license key meta-data
update_compile_order -fileset sources_1
current_project conectar_proyecto
ipx::edit_ip_in_project -upgrade true -name RGB_Controller_v1_0_project -directory C:/Users/Diego/Desktop/Proyecto-1-SEP/conectar_proyecto/conectar_proyecto.tmp/RGB_Controller_v1_0_project c:/Users/Diego/Desktop/Proyecto-1-SEP/status_rgb/status_rgb.srcs/sources_1/new/component.xml
INFO: [ProjectBase 1-489] The host OS only allows 260 characters in a normal path. The project is stored in a path with more than 80 characters. If you experience issues with IP, Block Designs, or files not being found, please consider moving the project to a location with a shorter path. Alternately consider using the OS subst command to map part of the path to a drive letter.
Current project path is 'c:/users/diego/desktop/proyecto-1-sep/conectar_proyecto/conectar_proyecto.tmp/rgb_controller_v1_0_project'
INFO: [IP_Flow 19-234] Refreshing IP repositories
INFO: [IP_Flow 19-1704] No user IP repositories specified
INFO: [IP_Flow 19-2313] Loaded Vivado IP repository 'E:/Programas/xilin/Vivado/2020.1/data/ip'.
INFO: [IP_Flow 19-234] Refreshing IP repositories
WARNING: [IP_Flow 19-3685] Ignored loading user repository 'c:/Users/Diego/Desktop/Proyecto-1-SEP/ip_repo/RAM_AXI_FULL_1.0'. The path is contained within another repository.
INFO: [IP_Flow 19-1700] Loaded user IP repository 'c:/Users/Diego/Desktop/Proyecto-1-SEP'.
INFO: [IP_Flow 19-795] Syncing license key meta-data
current_project conectar_proyecto
ipx::edit_ip_in_project -upgrade true -name RAM_AXI_FULL_v1_0_project -directory C:/Users/Diego/Desktop/Proyecto-1-SEP/conectar_proyecto/conectar_proyecto.tmp/RAM_AXI_FULL_v1_0_project c:/Users/Diego/Desktop/Proyecto-1-SEP/ip_repo/RAM_AXI_FULL_1.0/component.xml
INFO: [ProjectBase 1-489] The host OS only allows 260 characters in a normal path. The project is stored in a path with more than 80 characters. If you experience issues with IP, Block Designs, or files not being found, please consider moving the project to a location with a shorter path. Alternately consider using the OS subst command to map part of the path to a drive letter.
Current project path is 'c:/users/diego/desktop/proyecto-1-sep/conectar_proyecto/conectar_proyecto.tmp/ram_axi_full_v1_0_project'
INFO: [IP_Flow 19-234] Refreshing IP repositories
INFO: [IP_Flow 19-1704] No user IP repositories specified
INFO: [IP_Flow 19-2313] Loaded Vivado IP repository 'E:/Programas/xilin/Vivado/2020.1/data/ip'.
INFO: [IP_Flow 19-234] Refreshing IP repositories
WARNING: [IP_Flow 19-3685] Ignored loading user repository 'c:/Users/Diego/Desktop/Proyecto-1-SEP/ip_repo/RAM_AXI_FULL_1.0'. The path is contained within another repository.
INFO: [IP_Flow 19-1700] Loaded user IP repository 'c:/Users/Diego/Desktop/Proyecto-1-SEP'.
INFO: [IP_Flow 19-795] Syncing license key meta-data
current_project ControlUnit_v1_0_project
current_project sistema_morse_v1_0_project
current_project RGB_Controller_v1_0_project
current_project RAM_AXI_FULL_v1_0_project
current_project conectar_proyecto
regenerate_bd_layout
current_project ControlUnit_v1_0_project
close_project
current_project sistema_morse_v1_0_project
close_project
current_project RGB_Controller_v1_0_project
close_project
current_project conectar_proyecto
set_property OUTPUT_VALUE 0 [get_hw_probes design_1_i/vio_0_probe_out1 -of_objects [get_hw_vios -of_objects [get_hw_devices xc7z010_1] -filter {CELL_NAME=~"design_1_i/vio_0"}]]
commit_hw_vio [get_hw_probes {design_1_i/vio_0_probe_out1} -of_objects [get_hw_vios -of_objects [get_hw_devices xc7z010_1] -filter {CELL_NAME=~"design_1_i/vio_0"}]]
set_property OUTPUT_VALUE 2 [get_hw_probes design_1_i/vio_0_probe_out2 -of_objects [get_hw_vios -of_objects [get_hw_devices xc7z010_1] -filter {CELL_NAME=~"design_1_i/vio_0"}]]
commit_hw_vio [get_hw_probes {design_1_i/vio_0_probe_out2} -of_objects [get_hw_vios -of_objects [get_hw_devices xc7z010_1] -filter {CELL_NAME=~"design_1_i/vio_0"}]]
set_property OUTPUT_VALUE 000001 [get_hw_probes design_1_i/vio_0_probe_out0 -of_objects [get_hw_vios -of_objects [get_hw_devices xc7z010_1] -filter {CELL_NAME=~"design_1_i/vio_0"}]]
commit_hw_vio [get_hw_probes {design_1_i/vio_0_probe_out0} -of_objects [get_hw_vios -of_objects [get_hw_devices xc7z010_1] -filter {CELL_NAME=~"design_1_i/vio_0"}]]
set_property OUTPUT_VALUE 1 [get_hw_probes design_1_i/vio_0_probe_out1 -of_objects [get_hw_vios -of_objects [get_hw_devices xc7z010_1] -filter {CELL_NAME=~"design_1_i/vio_0"}]]
commit_hw_vio [get_hw_probes {design_1_i/vio_0_probe_out1} -of_objects [get_hw_vios -of_objects [get_hw_devices xc7z010_1] -filter {CELL_NAME=~"design_1_i/vio_0"}]]
wait_on_hw_ila [get_hw_ilas -of_objects [get_hw_devices xc7z010_1] -filter {CELL_NAME=~"design_1_i/ila_0"}]
display_hw_ila_data [upload_hw_ila_data [get_hw_ilas -of_objects [get_hw_devices xc7z010_1] -filter {CELL_NAME=~"design_1_i/ila_0"}]]
INFO: [Labtools 27-1966] The ILA core 'hw_ila_1' triggered at 2024-Oct-11 23:26:45
INFO: [Labtools 27-3304] ILA Waveform data saved to file C:/Users/Diego/Desktop/Proyecto-1-SEP/conectar_proyecto/conectar_proyecto.hw/backup/hw_ila_data_1.ila. Use Tcl command 'read_hw_ila_data' or Vivado File->Import->Import ILA Data menu item to import the previously saved data.
set_property OUTPUT_VALUE 0 [get_hw_probes design_1_i/vio_0_probe_out1 -of_objects [get_hw_vios -of_objects [get_hw_devices xc7z010_1] -filter {CELL_NAME=~"design_1_i/vio_0"}]]
commit_hw_vio [get_hw_probes {design_1_i/vio_0_probe_out1} -of_objects [get_hw_vios -of_objects [get_hw_devices xc7z010_1] -filter {CELL_NAME=~"design_1_i/vio_0"}]]
set_property OUTPUT_VALUE 1 [get_hw_probes design_1_i/vio_0_probe_out1 -of_objects [get_hw_vios -of_objects [get_hw_devices xc7z010_1] -filter {CELL_NAME=~"design_1_i/vio_0"}]]
commit_hw_vio [get_hw_probes {design_1_i/vio_0_probe_out1} -of_objects [get_hw_vios -of_objects [get_hw_devices xc7z010_1] -filter {CELL_NAME=~"design_1_i/vio_0"}]]
set_property OUTPUT_VALUE 000000 [get_hw_probes design_1_i/vio_0_probe_out0 -of_objects [get_hw_vios -of_objects [get_hw_devices xc7z010_1] -filter {CELL_NAME=~"design_1_i/vio_0"}]]
commit_hw_vio [get_hw_probes {design_1_i/vio_0_probe_out0} -of_objects [get_hw_vios -of_objects [get_hw_devices xc7z010_1] -filter {CELL_NAME=~"design_1_i/vio_0"}]]
set_property OUTPUT_VALUE 0 [get_hw_probes design_1_i/vio_0_probe_out1 -of_objects [get_hw_vios -of_objects [get_hw_devices xc7z010_1] -filter {CELL_NAME=~"design_1_i/vio_0"}]]
commit_hw_vio [get_hw_probes {design_1_i/vio_0_probe_out1} -of_objects [get_hw_vios -of_objects [get_hw_devices xc7z010_1] -filter {CELL_NAME=~"design_1_i/vio_0"}]]
set_property OUTPUT_VALUE 1 [get_hw_probes design_1_i/vio_0_probe_out1 -of_objects [get_hw_vios -of_objects [get_hw_devices xc7z010_1] -filter {CELL_NAME=~"design_1_i/vio_0"}]]
commit_hw_vio [get_hw_probes {design_1_i/vio_0_probe_out1} -of_objects [get_hw_vios -of_objects [get_hw_devices xc7z010_1] -filter {CELL_NAME=~"design_1_i/vio_0"}]]
set_property OUTPUT_VALUE 0 [get_hw_probes design_1_i/vio_0_probe_out2 -of_objects [get_hw_vios -of_objects [get_hw_devices xc7z010_1] -filter {CELL_NAME=~"design_1_i/vio_0"}]]
commit_hw_vio [get_hw_probes {design_1_i/vio_0_probe_out2} -of_objects [get_hw_vios -of_objects [get_hw_devices xc7z010_1] -filter {CELL_NAME=~"design_1_i/vio_0"}]]
report_ip_status -name ip_status 
set_property OUTPUT_VALUE 0 [get_hw_probes design_1_i/vio_0_probe_out1 -of_objects [get_hw_vios -of_objects [get_hw_devices xc7z010_1] -filter {CELL_NAME=~"design_1_i/vio_0"}]]
commit_hw_vio [get_hw_probes {design_1_i/vio_0_probe_out1} -of_objects [get_hw_vios -of_objects [get_hw_devices xc7z010_1] -filter {CELL_NAME=~"design_1_i/vio_0"}]]
set_property OUTPUT_VALUE 1 [get_hw_probes design_1_i/vio_0_probe_out1 -of_objects [get_hw_vios -of_objects [get_hw_devices xc7z010_1] -filter {CELL_NAME=~"design_1_i/vio_0"}]]
commit_hw_vio [get_hw_probes {design_1_i/vio_0_probe_out1} -of_objects [get_hw_vios -of_objects [get_hw_devices xc7z010_1] -filter {CELL_NAME=~"design_1_i/vio_0"}]]
set_property OUTPUT_VALUE 2 [get_hw_probes design_1_i/vio_0_probe_out2 -of_objects [get_hw_vios -of_objects [get_hw_devices xc7z010_1] -filter {CELL_NAME=~"design_1_i/vio_0"}]]
commit_hw_vio [get_hw_probes {design_1_i/vio_0_probe_out2} -of_objects [get_hw_vios -of_objects [get_hw_devices xc7z010_1] -filter {CELL_NAME=~"design_1_i/vio_0"}]]
set_property OUTPUT_VALUE 3 [get_hw_probes design_1_i/vio_0_probe_out2 -of_objects [get_hw_vios -of_objects [get_hw_devices xc7z010_1] -filter {CELL_NAME=~"design_1_i/vio_0"}]]
commit_hw_vio [get_hw_probes {design_1_i/vio_0_probe_out2} -of_objects [get_hw_vios -of_objects [get_hw_devices xc7z010_1] -filter {CELL_NAME=~"design_1_i/vio_0"}]]
set_property OUTPUT_VALUE 000001 [get_hw_probes design_1_i/vio_0_probe_out0 -of_objects [get_hw_vios -of_objects [get_hw_devices xc7z010_1] -filter {CELL_NAME=~"design_1_i/vio_0"}]]
commit_hw_vio [get_hw_probes {design_1_i/vio_0_probe_out0} -of_objects [get_hw_vios -of_objects [get_hw_devices xc7z010_1] -filter {CELL_NAME=~"design_1_i/vio_0"}]]
set_property OUTPUT_VALUE 0 [get_hw_probes design_1_i/vio_0_probe_out1 -of_objects [get_hw_vios -of_objects [get_hw_devices xc7z010_1] -filter {CELL_NAME=~"design_1_i/vio_0"}]]
commit_hw_vio [get_hw_probes {design_1_i/vio_0_probe_out1} -of_objects [get_hw_vios -of_objects [get_hw_devices xc7z010_1] -filter {CELL_NAME=~"design_1_i/vio_0"}]]
set_property OUTPUT_VALUE 1 [get_hw_probes design_1_i/vio_0_probe_out1 -of_objects [get_hw_vios -of_objects [get_hw_devices xc7z010_1] -filter {CELL_NAME=~"design_1_i/vio_0"}]]
commit_hw_vio [get_hw_probes {design_1_i/vio_0_probe_out1} -of_objects [get_hw_vios -of_objects [get_hw_devices xc7z010_1] -filter {CELL_NAME=~"design_1_i/vio_0"}]]
save_wave_config {C:/Users/Diego/Desktop/Proyecto-1-SEP/conectar_proyecto/conectar_proyecto.hw/hw_1/wave/hw_ila_data_1/hw_ila_data_1.wcfg}
save_wave_config {C:/Users/Diego/Desktop/Proyecto-1-SEP/conectar_proyecto/conectar_proyecto.hw/hw_1/wave/hw_ila_data_2/hw_ila_data_2.wcfg}
save_wave_config {C:/Users/Diego/Desktop/Proyecto-1-SEP/conectar_proyecto/conectar_proyecto.hw/hw_1/wave/hw_ila_data_3/hw_ila_data_3.wcfg}
close_project
exit
INFO: [Common 17-206] Exiting Vivado at Fri Oct 11 23:31:07 2024...
