#-----------------------------------------------------------
# Vivado v2020.1 (64-bit)
# SW Build 2902540 on Wed May 27 19:54:49 MDT 2020
# IP Build 2902112 on Wed May 27 22:43:36 MDT 2020
# Start of session at: Fri Oct 11 13:33:51 2024
# Process ID: 23100
# Current directory: C:/Users/Diego/Desktop/Proyecto-1-SEP/conectar_proyecto
# Command line: vivado.exe -gui_launcher_event rodinguilauncherevent9824 C:\Users\Diego\Desktop\Proyecto-1-SEP\conectar_proyecto\conectar_proyecto.xpr
# Log file: C:/Users/Diego/Desktop/Proyecto-1-SEP/conectar_proyecto/vivado.log
# Journal file: C:/Users/Diego/Desktop/Proyecto-1-SEP/conectar_proyecto\vivado.jou
#-----------------------------------------------------------
start_gui
open_project C:/Users/Diego/Desktop/Proyecto-1-SEP/conectar_proyecto/conectar_proyecto.xpr
Scanning sources...
Finished scanning sources
INFO: [IP_Flow 19-234] Refreshing IP repositories
INFO: [IP_Flow 19-1700] Loaded user IP repository 'c:/Users/Diego/Desktop/Proyecto-1-SEP'.
WARNING: [IP_Flow 19-3656] If you move the project, the path for repository 'c:/Users/Diego/Desktop/Proyecto-1-SEP' may become invalid. A better location for the repository would be in a path adjacent to the project. (Current project location is 'c:/Users/Diego/Desktop/Proyecto-1-SEP/conectar_proyecto'.)
INFO: [IP_Flow 19-2313] Loaded Vivado IP repository 'E:/Programas/xilin/Vivado/2020.1/data/ip'.
open_project: Time (s): cpu = 00:00:09 ; elapsed = 00:00:06 . Memory (MB): peak = 1063.652 ; gain = 0.000
update_compile_order -fileset sources_1
open_bd_design {C:/Users/Diego/Desktop/Proyecto-1-SEP/conectar_proyecto/conectar_proyecto.srcs/sources_1/bd/design_1/design_1.bd}
Adding component instance block -- xilinx.com:ip:vio:3.0 - vio_0
Adding component instance block -- xilinx.com:ip:ila:6.2 - ila_0
INFO: [xilinx.com:ip:ila:6.2-6] /ila_0: Xilinx recommends using the System ILA IP in IP Integrator. The System ILA IP is functionally equivalent to an ILA and offers additional benefits in debugging interfaces both within IP Integrator and the Hardware Manager. Consult the Programming and Debug User Guide UG908 for further details.
Adding component instance block -- xilinx.com:user:sistema_morse:1.0 - sistema_morse_0
Adding component instance block -- xilinx.com:user:ControlUnit:1.0 - ControlUnit_0
Adding component instance block -- xilinx.com:user:RGB_Controller:1.0 - RGB_Controller_1
Successfully read diagram <design_1> from BD file <C:/Users/Diego/Desktop/Proyecto-1-SEP/conectar_proyecto/conectar_proyecto.srcs/sources_1/bd/design_1/design_1.bd>
open_bd_design: Time (s): cpu = 00:00:07 ; elapsed = 00:00:07 . Memory (MB): peak = 1599.395 ; gain = 87.586
regenerate_bd_layout
regenerate_bd_layout
startgroup
create_bd_cell -type ip -vlnv xilinx.com:ip:axi_traffic_gen:3.0 axi_traffic_gen_0
endgroup
set_property location {1 236 -91} [get_bd_cells axi_traffic_gen_0]
startgroup
create_bd_cell -type ip -vlnv xilinx.com:ip:axi_traffic_gen:3.0 axi_traffic_gen_1
endgroup
set_property location {2 390 -143} [get_bd_cells axi_traffic_gen_0]
startgroup
create_bd_cell -type ip -vlnv xilinx.com:ip:axi_interconnect:2.1 axi_interconnect_0
endgroup
set_property location {1 226 -121} [get_bd_cells axi_traffic_gen_1]
set_property location {1.5 428 -126} [get_bd_cells axi_interconnect_0]
delete_bd_objs [get_bd_cells axi_interconnect_0]
startgroup
create_bd_cell -type ip -vlnv xilinx.com:ip:smartconnect:1.0 smartconnect_0
endgroup
set_property location {1.5 277 -105} [get_bd_cells axi_traffic_gen_1]
set_property location {2.5 473 -131} [get_bd_cells smartconnect_0]
set_property -dict [list CONFIG.NUM_SI {1}] [get_bd_cells smartconnect_0]
ipx::edit_ip_in_project -upgrade true -name sistema_morse_v1_0_project -directory C:/Users/Diego/Desktop/Proyecto-1-SEP/conectar_proyecto/conectar_proyecto.tmp/sistema_morse_v1_0_project c:/Users/Diego/Desktop/Proyecto-1-SEP/proyecto/proyecto.srcs/component.xml
INFO: [ProjectBase 1-489] The host OS only allows 260 characters in a normal path. The project is stored in a path with more than 80 characters. If you experience issues with IP, Block Designs, or files not being found, please consider moving the project to a location with a shorter path. Alternately consider using the OS subst command to map part of the path to a drive letter.
Current project path is 'c:/users/diego/desktop/proyecto-1-sep/conectar_proyecto/conectar_proyecto.tmp/sistema_morse_v1_0_project'
INFO: [IP_Flow 19-234] Refreshing IP repositories
INFO: [IP_Flow 19-1704] No user IP repositories specified
INFO: [IP_Flow 19-2313] Loaded Vivado IP repository 'E:/Programas/xilin/Vivado/2020.1/data/ip'.
INFO: [IP_Flow 19-234] Refreshing IP repositories
INFO: [IP_Flow 19-1700] Loaded user IP repository 'c:/Users/Diego/Desktop/Proyecto-1-SEP'.
INFO: [IP_Flow 19-795] Syncing license key meta-data
update_compile_order -fileset sources_1
ipx::merge_project_changes files [ipx::current_core]
WARNING: [IP_Flow 19-5226] Project source file 'c:/Users/Diego/Desktop/Proyecto-1-SEP/proyecto/proyecto.srcs/component.xml' ignored by IP packager.
ipx::merge_project_changes hdl_parameters [ipx::current_core]
WARNING: [IP_Flow 19-5226] Project source file 'c:/Users/Diego/Desktop/Proyecto-1-SEP/proyecto/proyecto.srcs/component.xml' ignored by IP packager.
ipx::merge_project_changes ports [ipx::current_core]
WARNING: [IP_Flow 19-5226] Project source file 'c:/Users/Diego/Desktop/Proyecto-1-SEP/proyecto/proyecto.srcs/component.xml' ignored by IP packager.
set_property core_revision 8 [ipx::current_core]
ipx::update_source_project_archive -component [ipx::current_core]
ipx::create_xgui_files [ipx::current_core]
ipx::update_checksums [ipx::current_core]
ipx::save_core [ipx::current_core]
ipx::move_temp_component_back -component [ipx::current_core]
close_project -delete
update_ip_catalog -rebuild -repo_path c:/Users/Diego/Desktop/Proyecto-1-SEP
INFO: [IP_Flow 19-725] Reloaded user IP repository 'c:/Users/Diego/Desktop/Proyecto-1-SEP'
report_ip_status -name ip_status 
upgrade_ip -vlnv xilinx.com:user:sistema_morse:1.0 [get_ips  design_1_sistema_morse_0_0] -log ip_upgrade.log
Upgrading 'C:/Users/Diego/Desktop/Proyecto-1-SEP/conectar_proyecto/conectar_proyecto.srcs/sources_1/bd/design_1/design_1.bd'
INFO: [IP_Flow 19-3422] Upgraded design_1_sistema_morse_0_0 (sistema_morse_v1_0 1.0) from revision 7 to revision 8
Wrote  : <C:\Users\Diego\Desktop\Proyecto-1-SEP\conectar_proyecto\conectar_proyecto.srcs\sources_1\bd\design_1\design_1.bd> 
Wrote  : <C:/Users/Diego/Desktop/Proyecto-1-SEP/conectar_proyecto/conectar_proyecto.srcs/sources_1/bd/design_1/ui/bd_1f5defd0.ui> 
INFO: [Coretcl 2-1525] Wrote upgrade log to 'C:/Users/Diego/Desktop/Proyecto-1-SEP/conectar_proyecto/ip_upgrade.log'.
export_ip_user_files -of_objects [get_ips design_1_sistema_morse_0_0] -no_script -sync -force -quiet
report_ip_status -name ip_status 
WARNING: [IP_Flow 19-4331] Invalid usage of property - Setting range_value property on PARAM_VALUE.ATG_HLT_CH_SELECT is not allowed in procedure update_gui_for_PARAM_VALUE.TRAFFIC_PROFILE
INFO: [IP_Flow 19-3484] Absolute path of file 'c:/Users/Diego/Desktop/Proyecto-1-SEP/support/addr.coe' provided. It will be converted relative to IP Instance files '../../../../../support/addr.coe'
INFO: [IP_Flow 19-3484] Absolute path of file 'c:/Users/Diego/Desktop/Proyecto-1-SEP/support/data.coe' provided. It will be converted relative to IP Instance files '../../../../../support/data.coe'
INFO: [IP_Flow 19-3484] Absolute path of file 'c:/Users/Diego/Desktop/Proyecto-1-SEP/support/mask.coe' provided. It will be converted relative to IP Instance files '../../../../../support/mask.coe'
INFO: [IP_Flow 19-3484] Absolute path of file 'c:/Users/Diego/Desktop/Proyecto-1-SEP/support/ctrl.coe' provided. It will be converted relative to IP Instance files '../../../../../support/ctrl.coe'
set_property -dict [list CONFIG.C_ATG_SYSTEM_CMD_MAX_RETRY {2147483647} CONFIG.C_ATG_SYSTEM_INIT_DATA_MIF {C:/Users/Diego/Desktop/Proyecto-1-SEP/support/data.coe} CONFIG.C_ATG_SYSTEM_INIT_ADDR_MIF {C:/Users/Diego/Desktop/Proyecto-1-SEP/support/addr.coe} CONFIG.C_ATG_SYSTEM_INIT_MASK_MIF {C:/Users/Diego/Desktop/Proyecto-1-SEP/support/mask.coe} CONFIG.C_ATG_SYSTEM_INIT_CTRL_MIF {C:/Users/Diego/Desktop/Proyecto-1-SEP/support/ctrl.coe} CONFIG.C_ATG_MODE {AXI4-Lite} CONFIG.C_ATG_SYSINIT_MODES {System_Test}] [get_bd_cells axi_traffic_gen_1]
INFO: [IP_Flow 19-3484] Absolute path of file 'c:/Users/Diego/Desktop/Proyecto-1-SEP/support/data.coe' provided. It will be converted relative to IP Instance files '../../../../../../../support/data.coe'
INFO: [IP_Flow 19-3484] Absolute path of file 'c:/Users/Diego/Desktop/Proyecto-1-SEP/support/addr.coe' provided. It will be converted relative to IP Instance files '../../../../../../../support/addr.coe'
INFO: [IP_Flow 19-3484] Absolute path of file 'c:/Users/Diego/Desktop/Proyecto-1-SEP/support/mask.coe' provided. It will be converted relative to IP Instance files '../../../../../../../support/mask.coe'
INFO: [IP_Flow 19-3484] Absolute path of file 'c:/Users/Diego/Desktop/Proyecto-1-SEP/support/ctrl.coe' provided. It will be converted relative to IP Instance files '../../../../../../../support/ctrl.coe'
connect_bd_intf_net [get_bd_intf_pins axi_traffic_gen_1/M_AXI_LITE_CH1] [get_bd_intf_pins smartconnect_0/S00_AXI]
connect_bd_intf_net [get_bd_intf_pins smartconnect_0/M00_AXI] [get_bd_intf_pins axi_traffic_gen_0/S_AXI]
save_bd_design
Wrote  : <C:\Users\Diego\Desktop\Proyecto-1-SEP\conectar_proyecto\conectar_proyecto.srcs\sources_1\bd\design_1\design_1.bd> 
Wrote  : <C:/Users/Diego/Desktop/Proyecto-1-SEP/conectar_proyecto/conectar_proyecto.srcs/sources_1/bd/design_1/ui/bd_1f5defd0.ui> 
exit
INFO: [Common 17-206] Exiting Vivado at Fri Oct 11 13:46:06 2024...
