#-----------------------------------------------------------
# Vivado v2020.1 (64-bit)
# SW Build 2902540 on Wed May 27 19:54:49 MDT 2020
# IP Build 2902112 on Wed May 27 22:43:36 MDT 2020
# Start of session at: Fri Oct 11 19:53:03 2024
# Process ID: 4012
# Current directory: C:/Users/Diego/Desktop/Proyecto-1-SEP/conectar_proyecto
# Command line: vivado.exe -gui_launcher_event rodinguilauncherevent8600 C:\Users\Diego\Desktop\Proyecto-1-SEP\conectar_proyecto\conectar_proyecto.xpr
# Log file: C:/Users/Diego/Desktop/Proyecto-1-SEP/conectar_proyecto/vivado.log
# Journal file: C:/Users/Diego/Desktop/Proyecto-1-SEP/conectar_proyecto\vivado.jou
#-----------------------------------------------------------
start_gui
open_project C:/Users/Diego/Desktop/Proyecto-1-SEP/conectar_proyecto/conectar_proyecto.xpr
Scanning sources...
Finished scanning sources
INFO: [IP_Flow 19-234] Refreshing IP repositories
INFO: [IP_Flow 19-1700] Loaded user IP repository 'c:/Users/Diego/Desktop/Proyecto-1-SEP'.
WARNING: [IP_Flow 19-3656] If you move the project, the path for repository 'c:/Users/Diego/Desktop/Proyecto-1-SEP' may become invalid. A better location for the repository would be in a path adjacent to the project. (Current project location is 'c:/Users/Diego/Desktop/Proyecto-1-SEP/conectar_proyecto'.)
INFO: [IP_Flow 19-2313] Loaded Vivado IP repository 'E:/Programas/xilin/Vivado/2020.1/data/ip'.
open_project: Time (s): cpu = 00:00:11 ; elapsed = 00:00:06 . Memory (MB): peak = 1047.453 ; gain = 0.000
update_compile_order -fileset sources_1
open_bd_design {C:/Users/Diego/Desktop/Proyecto-1-SEP/conectar_proyecto/conectar_proyecto.srcs/sources_1/bd/design_1/design_1.bd}
Adding component instance block -- xilinx.com:ip:vio:3.0 - vio_0
Adding component instance block -- xilinx.com:ip:ila:6.2 - ila_0
INFO: [xilinx.com:ip:ila:6.2-6] /ila_0: Xilinx recommends using the System ILA IP in IP Integrator. The System ILA IP is functionally equivalent to an ILA and offers additional benefits in debugging interfaces both within IP Integrator and the Hardware Manager. Consult the Programming and Debug User Guide UG908 for further details.
Adding component instance block -- xilinx.com:user:ControlUnit:1.0 - ControlUnit_0
Adding component instance block -- xilinx.com:user:RGB_Controller:1.0 - RGB_Controller_1
Adding component instance block -- xilinx.com:ip:axi_traffic_gen:3.0 - axi_traffic_gen_0
Adding component instance block -- xilinx.com:ip:axi_traffic_gen:3.0 - axi_traffic_gen_1
Adding component instance block -- xilinx.com:ip:smartconnect:1.0 - smartconnect_0
Adding component instance block -- xilinx.com:user:sistema_morse:1.0 - sistema_morse_0
Successfully read diagram <design_1> from BD file <C:/Users/Diego/Desktop/Proyecto-1-SEP/conectar_proyecto/conectar_proyecto.srcs/sources_1/bd/design_1/design_1.bd>
open_bd_design: Time (s): cpu = 00:00:06 ; elapsed = 00:00:07 . Memory (MB): peak = 1322.152 ; gain = 66.156
create_peripheral xilinx.com user RAM_AXI_FULL 1.0 -dir C:/Users/Diego/Desktop/Proyecto-1-SEP/conectar_proyecto/../ip_repo
add_peripheral_interface S00_AXI -interface_mode slave -axi_type full [ipx::find_open_core xilinx.com:user:RAM_AXI_FULL:1.0]
generate_peripheral -bfm_example_design -debug_hw_example_design [ipx::find_open_core xilinx.com:user:RAM_AXI_FULL:1.0]
write_peripheral [ipx::find_open_core xilinx.com:user:RAM_AXI_FULL:1.0]
set_property  ip_repo_paths  {C:/Users/Diego/Desktop/Proyecto-1-SEP/conectar_proyecto/../ip_repo/RAM_AXI_FULL_1.0 C:/Users/Diego/Desktop/Proyecto-1-SEP} [current_project]
update_ip_catalog -rebuild
INFO: [IP_Flow 19-234] Refreshing IP repositories
WARNING: [IP_Flow 19-3685] Ignored loading user repository 'c:/Users/Diego/Desktop/Proyecto-1-SEP/ip_repo/RAM_AXI_FULL_1.0'. The path is contained within another repository.
INFO: [IP_Flow 19-1700] Loaded user IP repository 'c:/Users/Diego/Desktop/Proyecto-1-SEP'.
WARNING: [IP_Flow 19-3656] If you move the project, the path for repository 'c:/Users/Diego/Desktop/Proyecto-1-SEP' may become invalid. A better location for the repository would be in a path adjacent to the project. (Current project location is 'c:/Users/Diego/Desktop/Proyecto-1-SEP/conectar_proyecto'.)
ipx::edit_ip_in_project -upgrade true -name edit_RAM_AXI_FULL_v1_0 -directory C:/Users/Diego/Desktop/Proyecto-1-SEP/conectar_proyecto/../ip_repo c:/Users/Diego/Desktop/Proyecto-1-SEP/ip_repo/RAM_AXI_FULL_1.0/component.xml
INFO: [IP_Flow 19-234] Refreshing IP repositories
INFO: [IP_Flow 19-1704] No user IP repositories specified
INFO: [IP_Flow 19-2313] Loaded Vivado IP repository 'E:/Programas/xilin/Vivado/2020.1/data/ip'.
INFO: [IP_Flow 19-234] Refreshing IP repositories
WARNING: [IP_Flow 19-3685] Ignored loading user repository 'c:/Users/Diego/Desktop/Proyecto-1-SEP/ip_repo/RAM_AXI_FULL_1.0'. The path is contained within another repository.
INFO: [IP_Flow 19-1700] Loaded user IP repository 'c:/Users/Diego/Desktop/Proyecto-1-SEP'.
INFO: [IP_Flow 19-795] Syncing license key meta-data
current_project conectar_proyecto
startgroup
create_bd_cell -type ip -vlnv xilinx.com:user:RAM_AXI_FULL:1.0 RAM_AXI_FULL_0
endgroup
set_property location {5 999 -139} [get_bd_cells RAM_AXI_FULL_0]
connect_bd_intf_net [get_bd_intf_pins axi_traffic_gen_0/M_AXI] [get_bd_intf_pins RAM_AXI_FULL_0/S00_AXI]
connect_bd_net [get_bd_ports rst] [get_bd_pins axi_traffic_gen_1/s_axi_aresetn]
connect_bd_net [get_bd_ports rst] [get_bd_pins smartconnect_0/aresetn]
connect_bd_net [get_bd_ports rst] [get_bd_pins RAM_AXI_FULL_0/s00_axi_aresetn]
connect_bd_net [get_bd_ports clk] [get_bd_pins axi_traffic_gen_1/s_axi_aclk]
connect_bd_net [get_bd_ports clk] [get_bd_pins smartconnect_0/aclk]
connect_bd_net [get_bd_ports clk] [get_bd_pins axi_traffic_gen_0/s_axi_aclk]
connect_bd_net [get_bd_ports clk] [get_bd_pins RAM_AXI_FULL_0/s00_axi_aclk]
connect_bd_net [get_bd_ports rst] [get_bd_pins axi_traffic_gen_0/s_axi_aresetn]
assign_bd_address [get_bd_addr_segs {RAM_AXI_FULL_0/S00_AXI/S00_AXI_mem }]
Slave segment '/RAM_AXI_FULL_0/S00_AXI/S00_AXI_mem' is being assigned into address space '/axi_traffic_gen_0/Data' at <0x7600_0000 [ 64K ]>.
assign_bd_address [get_bd_addr_segs {axi_traffic_gen_0/S_AXI/Reg0 }]
Slave segment '/axi_traffic_gen_0/S_AXI/Reg0' is being assigned into address space '/axi_traffic_gen_1/Reg1' at <0x44A0_0000 [ 64K ]>.
save_bd_design
Wrote  : <C:\Users\Diego\Desktop\Proyecto-1-SEP\conectar_proyecto\conectar_proyecto.srcs\sources_1\bd\design_1\design_1.bd> 
Wrote  : <C:/Users/Diego/Desktop/Proyecto-1-SEP/conectar_proyecto/conectar_proyecto.srcs/sources_1/bd/design_1/ui/bd_1f5defd0.ui> 
current_project edit_RAM_AXI_FULL_v1_0
update_compile_order -fileset sources_1
ipx::merge_project_changes files [ipx::current_core]
WARNING: [IP_Flow 19-5226] Project source file 'c:/Users/Diego/Desktop/Proyecto-1-SEP/ip_repo/RAM_AXI_FULL_1.0/component.xml' ignored by IP packager.
ipx::merge_project_changes hdl_parameters [ipx::current_core]
WARNING: [IP_Flow 19-5226] Project source file 'c:/Users/Diego/Desktop/Proyecto-1-SEP/ip_repo/RAM_AXI_FULL_1.0/component.xml' ignored by IP packager.
WARNING: [IP_Flow 19-4300] HDL parameter 'C_S00_AXI_AWUSER_WIDTH' has its value changed from '1' to '0'.
WARNING: [IP_Flow 19-4300] HDL parameter 'C_S00_AXI_ARUSER_WIDTH' has its value changed from '1' to '0'.
WARNING: [IP_Flow 19-4300] HDL parameter 'C_S00_AXI_WUSER_WIDTH' has its value changed from '1' to '0'.
WARNING: [IP_Flow 19-4300] HDL parameter 'C_S00_AXI_RUSER_WIDTH' has its value changed from '1' to '0'.
WARNING: [IP_Flow 19-4300] HDL parameter 'C_S00_AXI_BUSER_WIDTH' has its value changed from '1' to '0'.
INFO: [IP_Flow 19-3166] Bus Interface 'S00_AXI': References existing memory map 'S00_AXI'.
set_property core_revision 2 [ipx::current_core]
ipx::update_source_project_archive -component [ipx::current_core]
ipx::create_xgui_files [ipx::current_core]
ipx::update_checksums [ipx::current_core]
ipx::save_core [ipx::current_core]
ipx::move_temp_component_back -component [ipx::current_core]
close_project -delete
update_ip_catalog -rebuild -repo_path c:/Users/Diego/Desktop/Proyecto-1-SEP/ip_repo/RAM_AXI_FULL_1.0
CRITICAL WARNING: [IP_Flow 19-1681] Failed to reload user IP repository 'c:/Users/Diego/Desktop/Proyecto-1-SEP/ip_repo/RAM_AXI_FULL_1.0'. ''c:/Users/Diego/Desktop/Proyecto-1-SEP/ip_repo/RAM_AXI_FULL_1.0' is not valid: Path is contained within another repository.'
0
regenerate_bd_layout
regenerate_bd_layout
regenerate_bd_layout
validate_bd_design
CRITICAL WARNING: [BD 41-1178] The design is using an old version of the following IPs. It is recommended that you upgrade these cells to their latest version: 
/RAM_AXI_FULL_0

INFO: [Ipptcl 7-1463] No Compatible Board Interface found. Board Tab not created in customize GUI
CRITICAL WARNING: [BD 41-237] Bus Interface property SUPPORTS_NARROW_BURST does not match between /RAM_AXI_FULL_0/S00_AXI(0) and /axi_traffic_gen_0/M_AXI(1)
report_ip_status -name ip_status 
upgrade_ip -vlnv xilinx.com:user:RAM_AXI_FULL:1.0 [get_ips  design_1_RAM_AXI_FULL_0_0] -log ip_upgrade.log
Upgrading 'C:/Users/Diego/Desktop/Proyecto-1-SEP/conectar_proyecto/conectar_proyecto.srcs/sources_1/bd/design_1/design_1.bd'
INFO: [IP_Flow 19-1972] Upgraded design_1_RAM_AXI_FULL_0_0 from RAM_AXI_FULL_v1.0 1.0 to RAM_AXI_FULL_v1.0 1.0
Wrote  : <C:\Users\Diego\Desktop\Proyecto-1-SEP\conectar_proyecto\conectar_proyecto.srcs\sources_1\bd\design_1\design_1.bd> 
Wrote  : <C:/Users/Diego/Desktop/Proyecto-1-SEP/conectar_proyecto/conectar_proyecto.srcs/sources_1/bd/design_1/ui/bd_1f5defd0.ui> 
INFO: [Coretcl 2-1525] Wrote upgrade log to 'C:/Users/Diego/Desktop/Proyecto-1-SEP/conectar_proyecto/ip_upgrade.log'.
export_ip_user_files -of_objects [get_ips design_1_RAM_AXI_FULL_0_0] -no_script -sync -force -quiet
report_ip_status -name ip_status 
validate_bd_design
INFO: [Ipptcl 7-1463] No Compatible Board Interface found. Board Tab not created in customize GUI
CRITICAL WARNING: [BD 41-237] Bus Interface property SUPPORTS_NARROW_BURST does not match between /RAM_AXI_FULL_0/S00_AXI(0) and /axi_traffic_gen_0/M_AXI(1)
save_bd_design
Wrote  : <C:\Users\Diego\Desktop\Proyecto-1-SEP\conectar_proyecto\conectar_proyecto.srcs\sources_1\bd\design_1\design_1.bd> 
Wrote  : <C:/Users/Diego/Desktop/Proyecto-1-SEP/conectar_proyecto/conectar_proyecto.srcs/sources_1/bd/design_1/ui/bd_1f5defd0.ui> 
WARNING: [IP_Flow 19-4067] Ignoring invalid widget type specified checkbox.Providing a default widget
exit
INFO: [Common 17-206] Exiting Vivado at Fri Oct 11 21:02:26 2024...
