#-----------------------------------------------------------
# Vivado v2020.1 (64-bit)
# SW Build 2902540 on Wed May 27 19:54:49 MDT 2020
# IP Build 2902112 on Wed May 27 22:43:36 MDT 2020
# Start of session at: Fri Oct 11 23:54:17 2024
# Process ID: 14680
# Current directory: C:/Users/Diego/Desktop/Proyecto-1-SEP/proyecto
# Command line: vivado.exe -gui_launcher_event rodinguilauncherevent16724 C:\Users\Diego\Desktop\Proyecto-1-SEP\proyecto\proyecto.xpr
# Log file: C:/Users/Diego/Desktop/Proyecto-1-SEP/proyecto/vivado.log
# Journal file: C:/Users/Diego/Desktop/Proyecto-1-SEP/proyecto\vivado.jou
#-----------------------------------------------------------
start_gui
open_project C:/Users/Diego/Desktop/Proyecto-1-SEP/proyecto/proyecto.xpr
Scanning sources...
Finished scanning sources
INFO: [IP_Flow 19-234] Refreshing IP repositories
INFO: [IP_Flow 19-1700] Loaded user IP repository 'c:/Users/Diego/Desktop/Proyecto-1-SEP/proyecto/proyecto.srcs'.
INFO: [IP_Flow 19-2313] Loaded Vivado IP repository 'E:/Programas/xilin/Vivado/2020.1/data/ip'.
update_compile_order -fileset sources_1
exit
INFO: [Common 17-206] Exiting Vivado at Sat Oct 12 00:00:05 2024...
